>>> 172	OUT	(#31),A
*** OUT 31 (PIO port A control register) = 7    ; PIO A control byte 07
>>> 174	OUT	(#33),A
*** OUT 33 (PIO port B control register) = 7    ; PIO B control byte 07
>>> 178	OUT	(#31),A
*** OUT 31 (PIO port A control register) = F    ; PIO A control byte 0F
>>> 17A	OUT	(#33),A
*** OUT 33 (PIO port B control register) = F    ; PIO B control byte 0F
>>> 17E	OUT	(#30),A
*** OUT 30 (Graphic common control) = 18    ; display_page_memory=0, write_page_memory=0, write_mode_xor_nor=0, format_0=1, format_1=1, gdpint_read_only=0, avdint_read_only=0, scroll_mode=0
>>> 182	OUT	(#32),A
*** OUT 32 (Common text attributes) = 6D    ; dot_stretch=1, cursor_mode=0, monochrome_colour=1, force_background_blue_foreground=1, reverse_screen_green_foreground=0, dots_char_0=1, dots_char_1=1, text_video_clock_24_16=0
>>> 185	OUT	(#39),A
*** OUT 39 (AVDC status/command) = 0    ; instantaneous: master reset
>>> 187	OUT	(#36),A
*** OUT 36 (Common input/Graphic scroll) = 0    ; graphic scroll offset=00
>>> 18D	OUT	(#21),A
*** OUT 21 (GDP control register 1) = 0    ; pen_down=0, pen_not_eraser=0, write_only=0, cyclic_screen=0, enable_lpen_irq=0, enable_vb_irq=0, enable_ready_irq=0, bit7_unused=0
>>> 191	OUT	(#21),A
*** OUT 21 (GDP control register 1) = 3    ; pen_down=1, pen_not_eraser=1, write_only=0, cyclic_screen=0, enable_lpen_irq=0, enable_vb_irq=0, enable_ready_irq=0, bit7_unused=0
*** IN 20 (GDP status/command) = 7    ; light_pen_end=1, vertical_blanking=1, ready=1, pen_out_of_display=0, light_pen_irq=0, vb_irq=0, ready_irq=0, irq=0
>>> AF	OUT	(#20),A
*** OUT 20 (GDP status/command) = 4    ; GDP command byte 04
*** IN 20 (GDP status/command) = 5    ; light_pen_end=1, vertical_blanking=0, ready=1, pen_out_of_display=0, light_pen_irq=0, vb_irq=0, ready_irq=0, irq=0
>>> AF	OUT	(#20),A
*** OUT 20 (GDP status/command) = 5    ; GDP command byte 05
>>> 19E	OUT	(#39),A
*** OUT 39 (AVDC status/command) = 0    ; instantaneous: master reset
>>> 1A0	OUT	(#30),A
*** OUT 30 (Graphic common control) = 0    ; display_page_memory=0, write_page_memory=0, write_mode_xor_nor=0, format_0=0, format_1=0, gdpint_read_only=0, avdint_read_only=0, scroll_mode=0
>>> 264	OUT	(#39),A
*** OUT 39 (AVDC status/command) = 0    ; instantaneous: master reset
>>> 273	OUT	(#3E),A
*** OUT 3E (AVDC screen start 2 lower) = 0    ; screen_start_2_low=00
>>> 275	OUT	(#3F),A
*** OUT 3F (AVDC screen start 2 upper) = 0    ; screen_start_2_high=00
>>> 277	OUT	(#3A),A
*** OUT 3A (AVDC screen start 1 lower) = 0    ; screen_start_1_low=00
>>> 279	OUT	(#3B),A
*** OUT 3B (AVDC screen start 1 upper) = 0    ; screen_start_1_high=00
>>> 27D	OUT	(#39),A
*** OUT 39 (AVDC status/command) = 10    ; instantaneous: load IR pointer with V=0
*** OUT 38 (AVDC interrupt register/init registers) = D0    ; AVDC init/register data byte D0
*** OUT 38 (AVDC interrupt register/init registers) = 2F    ; AVDC init/register data byte 2F
*** OUT 38 (AVDC interrupt register/init registers) = D    ; AVDC init/register data byte 0D
*** OUT 38 (AVDC interrupt register/init registers) = 5    ; AVDC init/register data byte 05
*** OUT 38 (AVDC interrupt register/init registers) = 99    ; AVDC init/register data byte 99
*** OUT 38 (AVDC interrupt register/init registers) = 4F    ; AVDC init/register data byte 4F
*** OUT 38 (AVDC interrupt register/init registers) = A    ; AVDC init/register data byte 0A
*** OUT 38 (AVDC interrupt register/init registers) = EA    ; AVDC init/register data byte EA
*** OUT 38 (AVDC interrupt register/init registers) = 0    ; AVDC init/register data byte 00
*** OUT 38 (AVDC interrupt register/init registers) = 30    ; AVDC init/register data byte 30
>>> 288	OUT	(#39),A
*** OUT 39 (AVDC status/command) = 3D    ; instantaneous: cursor on
>>> 28B	OUT	(#3D),A
*** OUT 3D (AVDC cursor address upper) = 0    ; cursor_addr_high=00
>>> 28D	OUT	(#3C),A
*** OUT 3C (AVDC cursor address lower) = 0    ; cursor_addr_low=00
>>> 2A3	OUT	(#39),A
*** OUT 39 (AVDC status/command) = 1A    ; instantaneous: load IR pointer with V=10
>>> 2A6	OUT	(#38),A
*** OUT 38 (AVDC interrupt register/init registers) = FF    ; AVDC init/register data byte FF
>>> 2A9	OUT	(#38),A
*** OUT 38 (AVDC interrupt register/init registers) = 1F    ; AVDC init/register data byte 1F
>>> 297	OUT	(#34),A
*** OUT 34 (Character register) = 20    ; character ' '
>>> 29A	OUT	(#35),A
*** OUT 35 (Attribute register) = 0    ; blink=0, underline=0, special_character=0, protect=0, highlight_red_foreground=0, reverse_video_green_background=0, gp2_blue_background=0, gp1_red_background=0
>>> 29E	OUT	(#39),A
*** OUT 39 (AVDC status/command) = BB    ; delayed: write from cursor address to pointer address
>>> 1C8	OUT	(#2B),A
*** OUT 2B (GDP Ypos LSBs) = 64    ; ypos_lsb=64
*** IN 20 (GDP status/command) = 5    ; light_pen_end=1, vertical_blanking=0, ready=1, pen_out_of_display=0, light_pen_irq=0, vb_irq=0, ready_irq=0, irq=0
>>> CA	OUT	(#36),A
*** OUT 36 (Common input/Graphic scroll) = F4    ; graphic scroll offset=F4
*** IN 20 (GDP status/command) = 5    ; light_pen_end=1, vertical_blanking=0, ready=1, pen_out_of_display=0, light_pen_irq=0, vb_irq=0, ready_irq=0, irq=0
>>> 24A	OUT	(#23),A
*** OUT 23 (GDP character size register) = 3    ; P(x_scale)=3, Q(y_scale)=0
>>> 24E	OUT	(#22),A
*** OUT 22 (GDP control register 2) = 0    ; vector_type=0, tilted_characters=0, vertical_axis_characters=0, bit4_X=0, bit5_X=0, bit6_X=0, bit7_X=0
*** IN 20 (GDP status/command) = 5    ; light_pen_end=1, vertical_blanking=0, ready=1, pen_out_of_display=0, light_pen_irq=0, vb_irq=0, ready_irq=0, irq=0
>>> AF	OUT	(#20),A
*** OUT 20 (GDP status/command) = 5    ; GDP command byte 05
*** IN 20 (GDP status/command) = 5    ; light_pen_end=1, vertical_blanking=0, ready=1, pen_out_of_display=0, light_pen_irq=0, vb_irq=0, ready_irq=0, irq=0
>>> AF	OUT	(#20),A
*** OUT 20 (GDP status/command) = 1    ; GDP command byte 01
*** IN 20 (GDP status/command) = 5    ; light_pen_end=1, vertical_blanking=0, ready=1, pen_out_of_display=0, light_pen_irq=0, vb_irq=0, ready_irq=0, irq=0
>>> AF	OUT	(#20),A
*** OUT 20 (GDP status/command) = B    ; GDP command byte 0B
*** IN 20 (GDP status/command) = 5    ; light_pen_end=1, vertical_blanking=0, ready=1, pen_out_of_display=0, light_pen_irq=0, vb_irq=0, ready_irq=0, irq=0
>>> AF	OUT	(#20),A
*** OUT 20 (GDP status/command) = B    ; GDP command byte 0B
*** IN 20 (GDP status/command) = 5    ; light_pen_end=1, vertical_blanking=0, ready=1, pen_out_of_display=0, light_pen_irq=0, vb_irq=0, ready_irq=0, irq=0
>>> AF	OUT	(#20),A
*** OUT 20 (GDP status/command) = B    ; GDP command byte 0B
*** IN 20 (GDP status/command) = 5    ; light_pen_end=1, vertical_blanking=0, ready=1, pen_out_of_display=0, light_pen_irq=0, vb_irq=0, ready_irq=0, irq=0
>>> AF	OUT	(#20),A
*** OUT 20 (GDP status/command) = B    ; GDP command byte 0B
*** IN 20 (GDP status/command) = 5    ; light_pen_end=1, vertical_blanking=0, ready=1, pen_out_of_display=0, light_pen_irq=0, vb_irq=0, ready_irq=0, irq=0
>>> AF	OUT	(#20),A
*** OUT 20 (GDP status/command) = B    ; GDP command byte 0B
*** IN 20 (GDP status/command) = 5    ; light_pen_end=1, vertical_blanking=0, ready=1, pen_out_of_display=0, light_pen_irq=0, vb_irq=0, ready_irq=0, irq=0
>>> AF	OUT	(#20),A
*** OUT 20 (GDP status/command) = B    ; GDP command byte 0B
*** IN 20 (GDP status/command) = 5    ; light_pen_end=1, vertical_blanking=0, ready=1, pen_out_of_display=0, light_pen_irq=0, vb_irq=0, ready_irq=0, irq=0
>>> AF	OUT	(#20),A
*** OUT 20 (GDP status/command) = B    ; GDP command byte 0B
*** IN 20 (GDP status/command) = 5    ; light_pen_end=1, vertical_blanking=0, ready=1, pen_out_of_display=0, light_pen_irq=0, vb_irq=0, ready_irq=0, irq=0
>>> AF	OUT	(#20),A
*** OUT 20 (GDP status/command) = B    ; GDP command byte 0B
*** IN 20 (GDP status/command) = 5    ; light_pen_end=1, vertical_blanking=0, ready=1, pen_out_of_display=0, light_pen_irq=0, vb_irq=0, ready_irq=0, irq=0
>>> AF	OUT	(#20),A
*** OUT 20 (GDP status/command) = B    ; GDP command byte 0B
*** IN 20 (GDP status/command) = 5    ; light_pen_end=1, vertical_blanking=0, ready=1, pen_out_of_display=0, light_pen_irq=0, vb_irq=0, ready_irq=0, irq=0
>>> AF	OUT	(#20),A
*** OUT 20 (GDP status/command) = B    ; GDP command byte 0B
*** IN 20 (GDP status/command) = 5    ; light_pen_end=1, vertical_blanking=0, ready=1, pen_out_of_display=0, light_pen_irq=0, vb_irq=0, ready_irq=0, irq=0
>>> AF	OUT	(#20),A
*** OUT 20 (GDP status/command) = B    ; GDP command byte 0B
*** IN 20 (GDP status/command) = 5    ; light_pen_end=1, vertical_blanking=0, ready=1, pen_out_of_display=0, light_pen_irq=0, vb_irq=0, ready_irq=0, irq=0
>>> AF	OUT	(#20),A
*** OUT 20 (GDP status/command) = B    ; GDP command byte 0B
*** IN 20 (GDP status/command) = 5    ; light_pen_end=1, vertical_blanking=0, ready=1, pen_out_of_display=0, light_pen_irq=0, vb_irq=0, ready_irq=0, irq=0
>>> AF	OUT	(#20),A
*** OUT 20 (GDP status/command) = B    ; GDP command byte 0B
*** IN 20 (GDP status/command) = 5    ; light_pen_end=1, vertical_blanking=0, ready=1, pen_out_of_display=0, light_pen_irq=0, vb_irq=0, ready_irq=0, irq=0
>>> AF	OUT	(#20),A
*** OUT 20 (GDP status/command) = B    ; GDP command byte 0B
*** IN 20 (GDP status/command) = 5    ; light_pen_end=1, vertical_blanking=0, ready=1, pen_out_of_display=0, light_pen_irq=0, vb_irq=0, ready_irq=0, irq=0
>>> AF	OUT	(#20),A
*** OUT 20 (GDP status/command) = B    ; GDP command byte 0B
*** IN 20 (GDP status/command) = 5    ; light_pen_end=1, vertical_blanking=0, ready=1, pen_out_of_display=0, light_pen_irq=0, vb_irq=0, ready_irq=0, irq=0
>>> AF	OUT	(#20),A
*** OUT 20 (GDP status/command) = B    ; GDP command byte 0B
*** IN 20 (GDP status/command) = D    ; light_pen_end=1, vertical_blanking=0, ready=1, pen_out_of_display=1, light_pen_irq=0, vb_irq=0, ready_irq=0, irq=0
>>> 24A	OUT	(#23),A
*** OUT 23 (GDP character size register) = 21    ; P(x_scale)=1, Q(y_scale)=2
>>> 24E	OUT	(#22),A
*** OUT 22 (GDP control register 2) = 0    ; vector_type=0, tilted_characters=0, vertical_axis_characters=0, bit4_X=0, bit5_X=0, bit6_X=0, bit7_X=0
*** IN 20 (GDP status/command) = D    ; light_pen_end=1, vertical_blanking=0, ready=1, pen_out_of_display=1, light_pen_irq=0, vb_irq=0, ready_irq=0, irq=0
>>> AF	OUT	(#20),A
*** OUT 20 (GDP status/command) = D    ; GDP command byte 0D
*** IN 20 (GDP status/command) = 5    ; light_pen_end=1, vertical_blanking=0, ready=1, pen_out_of_display=0, light_pen_irq=0, vb_irq=0, ready_irq=0, irq=0
>>> AF	OUT	(#20),A
*** OUT 20 (GDP status/command) = 0    ; GDP command byte 00
*** IN 20 (GDP status/command) = 5    ; light_pen_end=1, vertical_blanking=0, ready=1, pen_out_of_display=0, light_pen_irq=0, vb_irq=0, ready_irq=0, irq=0
>>> 24A	OUT	(#23),A
*** OUT 23 (GDP character size register) = A8    ; P(x_scale)=8, Q(y_scale)=10
>>> 24E	OUT	(#22),A
*** OUT 22 (GDP control register 2) = 0    ; vector_type=0, tilted_characters=0, vertical_axis_characters=0, bit4_X=0, bit5_X=0, bit6_X=0, bit7_X=0
*** IN 20 (GDP status/command) = 5    ; light_pen_end=1, vertical_blanking=0, ready=1, pen_out_of_display=0, light_pen_irq=0, vb_irq=0, ready_irq=0, irq=0
>>> AF	OUT	(#20),A
*** OUT 20 (GDP status/command) = 44    ; GDP command byte 44
*** IN 20 (GDP status/command) = 5    ; light_pen_end=1, vertical_blanking=0, ready=1, pen_out_of_display=0, light_pen_irq=0, vb_irq=0, ready_irq=0, irq=0
>>> AF	OUT	(#20),A
*** OUT 20 (GDP status/command) = 65    ; GDP command byte 65
*** IN 20 (GDP status/command) = 5    ; light_pen_end=1, vertical_blanking=0, ready=1, pen_out_of_display=0, light_pen_irq=0, vb_irq=0, ready_irq=0, irq=0
>>> AF	OUT	(#20),A
*** OUT 20 (GDP status/command) = 6C    ; GDP command byte 6C
*** IN 20 (GDP status/command) = 5    ; light_pen_end=1, vertical_blanking=0, ready=1, pen_out_of_display=0, light_pen_irq=0, vb_irq=0, ready_irq=0, irq=0
>>> AF	OUT	(#20),A
*** OUT 20 (GDP status/command) = 74    ; GDP command byte 74
*** IN 20 (GDP status/command) = 5    ; light_pen_end=1, vertical_blanking=0, ready=1, pen_out_of_display=0, light_pen_irq=0, vb_irq=0, ready_irq=0, irq=0
>>> AF	OUT	(#20),A
*** OUT 20 (GDP status/command) = 61    ; GDP command byte 61
*** IN 20 (GDP status/command) = 5    ; light_pen_end=1, vertical_blanking=0, ready=1, pen_out_of_display=0, light_pen_irq=0, vb_irq=0, ready_irq=0, irq=0
>>> AF	OUT	(#20),A
*** OUT 20 (GDP status/command) = 20    ; GDP command byte 20
*** IN 20 (GDP status/command) = 5    ; light_pen_end=1, vertical_blanking=0, ready=1, pen_out_of_display=0, light_pen_irq=0, vb_irq=0, ready_irq=0, irq=0
>>> AF	OUT	(#20),A
*** OUT 20 (GDP status/command) = 50    ; GDP command byte 50
*** IN 20 (GDP status/command) = 5    ; light_pen_end=1, vertical_blanking=0, ready=1, pen_out_of_display=0, light_pen_irq=0, vb_irq=0, ready_irq=0, irq=0
>>> AF	OUT	(#20),A
*** OUT 20 (GDP status/command) = 61    ; GDP command byte 61
*** IN 20 (GDP status/command) = 5    ; light_pen_end=1, vertical_blanking=0, ready=1, pen_out_of_display=0, light_pen_irq=0, vb_irq=0, ready_irq=0, irq=0
>>> AF	OUT	(#20),A
*** OUT 20 (GDP status/command) = 72    ; GDP command byte 72
*** IN 20 (GDP status/command) = 5    ; light_pen_end=1, vertical_blanking=0, ready=1, pen_out_of_display=0, light_pen_irq=0, vb_irq=0, ready_irq=0, irq=0
>>> AF	OUT	(#20),A
*** OUT 20 (GDP status/command) = 74    ; GDP command byte 74
*** IN 20 (GDP status/command) = 5    ; light_pen_end=1, vertical_blanking=0, ready=1, pen_out_of_display=0, light_pen_irq=0, vb_irq=0, ready_irq=0, irq=0
>>> AF	OUT	(#20),A
*** OUT 20 (GDP status/command) = 6E    ; GDP command byte 6E
*** IN 20 (GDP status/command) = 5    ; light_pen_end=1, vertical_blanking=0, ready=1, pen_out_of_display=0, light_pen_irq=0, vb_irq=0, ready_irq=0, irq=0
>>> AF	OUT	(#20),A
*** OUT 20 (GDP status/command) = 65    ; GDP command byte 65
*** IN 20 (GDP status/command) = 5    ; light_pen_end=1, vertical_blanking=0, ready=1, pen_out_of_display=0, light_pen_irq=0, vb_irq=0, ready_irq=0, irq=0
>>> AF	OUT	(#20),A
*** OUT 20 (GDP status/command) = 72    ; GDP command byte 72
*** IN 20 (GDP status/command) = 5    ; light_pen_end=1, vertical_blanking=0, ready=1, pen_out_of_display=0, light_pen_irq=0, vb_irq=0, ready_irq=0, irq=0
>>> AF	OUT	(#20),A
*** OUT 20 (GDP status/command) = 20    ; GDP command byte 20
*** IN 20 (GDP status/command) = 5    ; light_pen_end=1, vertical_blanking=0, ready=1, pen_out_of_display=0, light_pen_irq=0, vb_irq=0, ready_irq=0, irq=0
>>> AF	OUT	(#20),A
*** OUT 20 (GDP status/command) = 47    ; GDP command byte 47
*** IN 20 (GDP status/command) = 5    ; light_pen_end=1, vertical_blanking=0, ready=1, pen_out_of_display=0, light_pen_irq=0, vb_irq=0, ready_irq=0, irq=0
>>> AF	OUT	(#20),A
*** OUT 20 (GDP status/command) = 44    ; GDP command byte 44
*** IN 20 (GDP status/command) = 5    ; light_pen_end=1, vertical_blanking=0, ready=1, pen_out_of_display=0, light_pen_irq=0, vb_irq=0, ready_irq=0, irq=0
>>> AF	OUT	(#20),A
*** OUT 20 (GDP status/command) = 50    ; GDP command byte 50
*** IN 20 (GDP status/command) = 5    ; light_pen_end=1, vertical_blanking=0, ready=1, pen_out_of_display=0, light_pen_irq=0, vb_irq=0, ready_irq=0, irq=0
>>> AF	OUT	(#20),A
*** OUT 20 (GDP status/command) = 5    ; GDP command byte 05
*** IN 20 (GDP status/command) = 5    ; light_pen_end=1, vertical_blanking=0, ready=1, pen_out_of_display=0, light_pen_irq=0, vb_irq=0, ready_irq=0, irq=0
>>> CA	OUT	(#36),A
*** OUT 36 (Common input/Graphic scroll) = E8    ; graphic scroll offset=E8
*** IN 20 (GDP status/command) = 5    ; light_pen_end=1, vertical_blanking=0, ready=1, pen_out_of_display=0, light_pen_irq=0, vb_irq=0, ready_irq=0, irq=0
>>> 24A	OUT	(#23),A
*** OUT 23 (GDP character size register) = 3    ; P(x_scale)=3, Q(y_scale)=0
>>> 24E	OUT	(#22),A
*** OUT 22 (GDP control register 2) = 0    ; vector_type=0, tilted_characters=0, vertical_axis_characters=0, bit4_X=0, bit5_X=0, bit6_X=0, bit7_X=0
*** IN 20 (GDP status/command) = 5    ; light_pen_end=1, vertical_blanking=0, ready=1, pen_out_of_display=0, light_pen_irq=0, vb_irq=0, ready_irq=0, irq=0
>>> AF	OUT	(#20),A
*** OUT 20 (GDP status/command) = 5    ; GDP command byte 05
*** IN 20 (GDP status/command) = 5    ; light_pen_end=1, vertical_blanking=0, ready=1, pen_out_of_display=0, light_pen_irq=0, vb_irq=0, ready_irq=0, irq=0
>>> AF	OUT	(#20),A
*** OUT 20 (GDP status/command) = 1    ; GDP command byte 01
*** IN 20 (GDP status/command) = 5    ; light_pen_end=1, vertical_blanking=0, ready=1, pen_out_of_display=0, light_pen_irq=0, vb_irq=0, ready_irq=0, irq=0
>>> AF	OUT	(#20),A
*** OUT 20 (GDP status/command) = B    ; GDP command byte 0B
*** IN 20 (GDP status/command) = 5    ; light_pen_end=1, vertical_blanking=0, ready=1, pen_out_of_display=0, light_pen_irq=0, vb_irq=0, ready_irq=0, irq=0
>>> AF	OUT	(#20),A
*** OUT 20 (GDP status/command) = B    ; GDP command byte 0B
*** IN 20 (GDP status/command) = 5    ; light_pen_end=1, vertical_blanking=0, ready=1, pen_out_of_display=0, light_pen_irq=0, vb_irq=0, ready_irq=0, irq=0
>>> AF	OUT	(#20),A
*** OUT 20 (GDP status/command) = B    ; GDP command byte 0B
*** IN 20 (GDP status/command) = 5    ; light_pen_end=1, vertical_blanking=0, ready=1, pen_out_of_display=0, light_pen_irq=0, vb_irq=0, ready_irq=0, irq=0
>>> AF	OUT	(#20),A
*** OUT 20 (GDP status/command) = B    ; GDP command byte 0B
*** IN 20 (GDP status/command) = 5    ; light_pen_end=1, vertical_blanking=0, ready=1, pen_out_of_display=0, light_pen_irq=0, vb_irq=0, ready_irq=0, irq=0
>>> AF	OUT	(#20),A
*** OUT 20 (GDP status/command) = B    ; GDP command byte 0B
*** IN 20 (GDP status/command) = 5    ; light_pen_end=1, vertical_blanking=0, ready=1, pen_out_of_display=0, light_pen_irq=0, vb_irq=0, ready_irq=0, irq=0
>>> AF	OUT	(#20),A
*** OUT 20 (GDP status/command) = B    ; GDP command byte 0B
*** IN 20 (GDP status/command) = 5    ; light_pen_end=1, vertical_blanking=0, ready=1, pen_out_of_display=0, light_pen_irq=0, vb_irq=0, ready_irq=0, irq=0
>>> AF	OUT	(#20),A
*** OUT 20 (GDP status/command) = B    ; GDP command byte 0B
*** IN 20 (GDP status/command) = 5    ; light_pen_end=1, vertical_blanking=0, ready=1, pen_out_of_display=0, light_pen_irq=0, vb_irq=0, ready_irq=0, irq=0
>>> AF	OUT	(#20),A
*** OUT 20 (GDP status/command) = B    ; GDP command byte 0B
*** IN 20 (GDP status/command) = 5    ; light_pen_end=1, vertical_blanking=0, ready=1, pen_out_of_display=0, light_pen_irq=0, vb_irq=0, ready_irq=0, irq=0
>>> AF	OUT	(#20),A
*** OUT 20 (GDP status/command) = B    ; GDP command byte 0B
*** IN 20 (GDP status/command) = 5    ; light_pen_end=1, vertical_blanking=0, ready=1, pen_out_of_display=0, light_pen_irq=0, vb_irq=0, ready_irq=0, irq=0
>>> AF	OUT	(#20),A
*** OUT 20 (GDP status/command) = B    ; GDP command byte 0B
*** IN 20 (GDP status/command) = 5    ; light_pen_end=1, vertical_blanking=0, ready=1, pen_out_of_display=0, light_pen_irq=0, vb_irq=0, ready_irq=0, irq=0
>>> AF	OUT	(#20),A
*** OUT 20 (GDP status/command) = B    ; GDP command byte 0B
*** IN 20 (GDP status/command) = 5    ; light_pen_end=1, vertical_blanking=0, ready=1, pen_out_of_display=0, light_pen_irq=0, vb_irq=0, ready_irq=0, irq=0
>>> AF	OUT	(#20),A
*** OUT 20 (GDP status/command) = B    ; GDP command byte 0B
*** IN 20 (GDP status/command) = 5    ; light_pen_end=1, vertical_blanking=0, ready=1, pen_out_of_display=0, light_pen_irq=0, vb_irq=0, ready_irq=0, irq=0
>>> AF	OUT	(#20),A
*** OUT 20 (GDP status/command) = B    ; GDP command byte 0B
*** IN 20 (GDP status/command) = 5    ; light_pen_end=1, vertical_blanking=0, ready=1, pen_out_of_display=0, light_pen_irq=0, vb_irq=0, ready_irq=0, irq=0
>>> AF	OUT	(#20),A
*** OUT 20 (GDP status/command) = B    ; GDP command byte 0B
*** IN 20 (GDP status/command) = 5    ; light_pen_end=1, vertical_blanking=0, ready=1, pen_out_of_display=0, light_pen_irq=0, vb_irq=0, ready_irq=0, irq=0
>>> AF	OUT	(#20),A
*** OUT 20 (GDP status/command) = B    ; GDP command byte 0B
*** IN 20 (GDP status/command) = 5    ; light_pen_end=1, vertical_blanking=0, ready=1, pen_out_of_display=0, light_pen_irq=0, vb_irq=0, ready_irq=0, irq=0
>>> AF	OUT	(#20),A
*** OUT 20 (GDP status/command) = B    ; GDP command byte 0B
*** IN 20 (GDP status/command) = D    ; light_pen_end=1, vertical_blanking=0, ready=1, pen_out_of_display=1, light_pen_irq=0, vb_irq=0, ready_irq=0, irq=0
>>> 24A	OUT	(#23),A
*** OUT 23 (GDP character size register) = 21    ; P(x_scale)=1, Q(y_scale)=2
>>> 24E	OUT	(#22),A
*** OUT 22 (GDP control register 2) = 0    ; vector_type=0, tilted_characters=0, vertical_axis_characters=0, bit4_X=0, bit5_X=0, bit6_X=0, bit7_X=0
*** IN 20 (GDP status/command) = D    ; light_pen_end=1, vertical_blanking=0, ready=1, pen_out_of_display=1, light_pen_irq=0, vb_irq=0, ready_irq=0, irq=0
>>> AF	OUT	(#20),A
*** OUT 20 (GDP status/command) = D    ; GDP command byte 0D
*** IN 20 (GDP status/command) = 5    ; light_pen_end=1, vertical_blanking=0, ready=1, pen_out_of_display=0, light_pen_irq=0, vb_irq=0, ready_irq=0, irq=0
>>> AF	OUT	(#20),A
*** OUT 20 (GDP status/command) = 0    ; GDP command byte 00
*** IN 20 (GDP status/command) = 5    ; light_pen_end=1, vertical_blanking=0, ready=1, pen_out_of_display=0, light_pen_irq=0, vb_irq=0, ready_irq=0, irq=0
>>> 24A	OUT	(#23),A
*** OUT 23 (GDP character size register) = 21    ; P(x_scale)=1, Q(y_scale)=2
>>> 24E	OUT	(#22),A
*** OUT 22 (GDP control register 2) = 0    ; vector_type=0, tilted_characters=0, vertical_axis_characters=0, bit4_X=0, bit5_X=0, bit6_X=0, bit7_X=0
*** IN 20 (GDP status/command) = 5    ; light_pen_end=1, vertical_blanking=0, ready=1, pen_out_of_display=0, light_pen_irq=0, vb_irq=0, ready_irq=0, irq=0
>>> AF	OUT	(#20),A
*** OUT 20 (GDP status/command) = 5B    ; GDP command byte 5B
*** IN 20 (GDP status/command) = 5    ; light_pen_end=1, vertical_blanking=0, ready=1, pen_out_of_display=0, light_pen_irq=0, vb_irq=0, ready_irq=0, irq=0
>>> AF	OUT	(#20),A
*** OUT 20 (GDP status/command) = 20    ; GDP command byte 20
*** IN 20 (GDP status/command) = 5    ; light_pen_end=1, vertical_blanking=0, ready=1, pen_out_of_display=0, light_pen_irq=0, vb_irq=0, ready_irq=0, irq=0
>>> AF	OUT	(#20),A
*** OUT 20 (GDP status/command) = 42    ; GDP command byte 42
*** IN 20 (GDP status/command) = 5    ; light_pen_end=1, vertical_blanking=0, ready=1, pen_out_of_display=0, light_pen_irq=0, vb_irq=0, ready_irq=0, irq=0
>>> AF	OUT	(#20),A
*** OUT 20 (GDP status/command) = 6F    ; GDP command byte 6F
*** IN 20 (GDP status/command) = 5    ; light_pen_end=1, vertical_blanking=0, ready=1, pen_out_of_display=0, light_pen_irq=0, vb_irq=0, ready_irq=0, irq=0
>>> AF	OUT	(#20),A
*** OUT 20 (GDP status/command) = 6F    ; GDP command byte 6F
*** IN 20 (GDP status/command) = 5    ; light_pen_end=1, vertical_blanking=0, ready=1, pen_out_of_display=0, light_pen_irq=0, vb_irq=0, ready_irq=0, irq=0
>>> AF	OUT	(#20),A
*** OUT 20 (GDP status/command) = 74    ; GDP command byte 74
*** IN 20 (GDP status/command) = 5    ; light_pen_end=1, vertical_blanking=0, ready=1, pen_out_of_display=0, light_pen_irq=0, vb_irq=0, ready_irq=0, irq=0
>>> AF	OUT	(#20),A
*** OUT 20 (GDP status/command) = 20    ; GDP command byte 20
*** IN 20 (GDP status/command) = 5    ; light_pen_end=1, vertical_blanking=0, ready=1, pen_out_of_display=0, light_pen_irq=0, vb_irq=0, ready_irq=0, irq=0
>>> AF	OUT	(#20),A
*** OUT 20 (GDP status/command) = 56    ; GDP command byte 56
*** IN 20 (GDP status/command) = 5    ; light_pen_end=1, vertical_blanking=0, ready=1, pen_out_of_display=0, light_pen_irq=0, vb_irq=0, ready_irq=0, irq=0
>>> AF	OUT	(#20),A
*** OUT 20 (GDP status/command) = 20    ; GDP command byte 20
*** IN 20 (GDP status/command) = 5    ; light_pen_end=1, vertical_blanking=0, ready=1, pen_out_of_display=0, light_pen_irq=0, vb_irq=0, ready_irq=0, irq=0
>>> AF	OUT	(#20),A
*** OUT 20 (GDP status/command) = 31    ; GDP command byte 31
*** IN 20 (GDP status/command) = 5    ; light_pen_end=1, vertical_blanking=0, ready=1, pen_out_of_display=0, light_pen_irq=0, vb_irq=0, ready_irq=0, irq=0
>>> AF	OUT	(#20),A
*** OUT 20 (GDP status/command) = 2E    ; GDP command byte 2E
*** IN 20 (GDP status/command) = 5    ; light_pen_end=1, vertical_blanking=0, ready=1, pen_out_of_display=0, light_pen_irq=0, vb_irq=0, ready_irq=0, irq=0
>>> AF	OUT	(#20),A
*** OUT 20 (GDP status/command) = 31    ; GDP command byte 31
*** IN 20 (GDP status/command) = 5    ; light_pen_end=1, vertical_blanking=0, ready=1, pen_out_of_display=0, light_pen_irq=0, vb_irq=0, ready_irq=0, irq=0
>>> AF	OUT	(#20),A
*** OUT 20 (GDP status/command) = 20    ; GDP command byte 20
*** IN 20 (GDP status/command) = 5    ; light_pen_end=1, vertical_blanking=0, ready=1, pen_out_of_display=0, light_pen_irq=0, vb_irq=0, ready_irq=0, irq=0
>>> AF	OUT	(#20),A
*** OUT 20 (GDP status/command) = 2D    ; GDP command byte 2D
*** IN 20 (GDP status/command) = 5    ; light_pen_end=1, vertical_blanking=0, ready=1, pen_out_of_display=0, light_pen_irq=0, vb_irq=0, ready_irq=0, irq=0
>>> AF	OUT	(#20),A
*** OUT 20 (GDP status/command) = 20    ; GDP command byte 20
*** IN 20 (GDP status/command) = 5    ; light_pen_end=1, vertical_blanking=0, ready=1, pen_out_of_display=0, light_pen_irq=0, vb_irq=0, ready_irq=0, irq=0
>>> AF	OUT	(#20),A
*** OUT 20 (GDP status/command) = 57    ; GDP command byte 57
*** IN 20 (GDP status/command) = 5    ; light_pen_end=1, vertical_blanking=0, ready=1, pen_out_of_display=0, light_pen_irq=0, vb_irq=0, ready_irq=0, irq=0
>>> AF	OUT	(#20),A
*** OUT 20 (GDP status/command) = 46    ; GDP command byte 46
*** IN 20 (GDP status/command) = 5    ; light_pen_end=1, vertical_blanking=0, ready=1, pen_out_of_display=0, light_pen_irq=0, vb_irq=0, ready_irq=0, irq=0
>>> AF	OUT	(#20),A
*** OUT 20 (GDP status/command) = 20    ; GDP command byte 20
*** IN 20 (GDP status/command) = 5    ; light_pen_end=1, vertical_blanking=0, ready=1, pen_out_of_display=0, light_pen_irq=0, vb_irq=0, ready_irq=0, irq=0
>>> AF	OUT	(#20),A
*** OUT 20 (GDP status/command) = 5D    ; GDP command byte 5D
*** IN 20 (GDP status/command) = 5    ; light_pen_end=1, vertical_blanking=0, ready=1, pen_out_of_display=0, light_pen_irq=0, vb_irq=0, ready_irq=0, irq=0
>>> CA	OUT	(#36),A
*** OUT 36 (Common input/Graphic scroll) = DC    ; graphic scroll offset=DC
*** IN 20 (GDP status/command) = 5    ; light_pen_end=1, vertical_blanking=0, ready=1, pen_out_of_display=0, light_pen_irq=0, vb_irq=0, ready_irq=0, irq=0
>>> 24A	OUT	(#23),A
*** OUT 23 (GDP character size register) = 3    ; P(x_scale)=3, Q(y_scale)=0
>>> 24E	OUT	(#22),A
*** OUT 22 (GDP control register 2) = 0    ; vector_type=0, tilted_characters=0, vertical_axis_characters=0, bit4_X=0, bit5_X=0, bit6_X=0, bit7_X=0
*** IN 20 (GDP status/command) = 5    ; light_pen_end=1, vertical_blanking=0, ready=1, pen_out_of_display=0, light_pen_irq=0, vb_irq=0, ready_irq=0, irq=0
>>> AF	OUT	(#20),A
*** OUT 20 (GDP status/command) = 5    ; GDP command byte 05
*** IN 20 (GDP status/command) = 5    ; light_pen_end=1, vertical_blanking=0, ready=1, pen_out_of_display=0, light_pen_irq=0, vb_irq=0, ready_irq=0, irq=0
>>> AF	OUT	(#20),A
*** OUT 20 (GDP status/command) = 1    ; GDP command byte 01
*** IN 20 (GDP status/command) = 5    ; light_pen_end=1, vertical_blanking=0, ready=1, pen_out_of_display=0, light_pen_irq=0, vb_irq=0, ready_irq=0, irq=0
>>> AF	OUT	(#20),A
*** OUT 20 (GDP status/command) = B    ; GDP command byte 0B
*** IN 20 (GDP status/command) = 5    ; light_pen_end=1, vertical_blanking=0, ready=1, pen_out_of_display=0, light_pen_irq=0, vb_irq=0, ready_irq=0, irq=0
>>> AF	OUT	(#20),A
*** OUT 20 (GDP status/command) = B    ; GDP command byte 0B
*** IN 20 (GDP status/command) = 5    ; light_pen_end=1, vertical_blanking=0, ready=1, pen_out_of_display=0, light_pen_irq=0, vb_irq=0, ready_irq=0, irq=0
>>> AF	OUT	(#20),A
*** OUT 20 (GDP status/command) = B    ; GDP command byte 0B
*** IN 20 (GDP status/command) = 5    ; light_pen_end=1, vertical_blanking=0, ready=1, pen_out_of_display=0, light_pen_irq=0, vb_irq=0, ready_irq=0, irq=0
>>> AF	OUT	(#20),A
*** OUT 20 (GDP status/command) = B    ; GDP command byte 0B
*** IN 20 (GDP status/command) = 5    ; light_pen_end=1, vertical_blanking=0, ready=1, pen_out_of_display=0, light_pen_irq=0, vb_irq=0, ready_irq=0, irq=0
>>> AF	OUT	(#20),A
*** OUT 20 (GDP status/command) = B    ; GDP command byte 0B
*** IN 20 (GDP status/command) = 5    ; light_pen_end=1, vertical_blanking=0, ready=1, pen_out_of_display=0, light_pen_irq=0, vb_irq=0, ready_irq=0, irq=0
>>> AF	OUT	(#20),A
*** OUT 20 (GDP status/command) = B    ; GDP command byte 0B
*** IN 20 (GDP status/command) = 5    ; light_pen_end=1, vertical_blanking=0, ready=1, pen_out_of_display=0, light_pen_irq=0, vb_irq=0, ready_irq=0, irq=0
>>> AF	OUT	(#20),A
*** OUT 20 (GDP status/command) = B    ; GDP command byte 0B
*** IN 20 (GDP status/command) = 5    ; light_pen_end=1, vertical_blanking=0, ready=1, pen_out_of_display=0, light_pen_irq=0, vb_irq=0, ready_irq=0, irq=0
>>> AF	OUT	(#20),A
*** OUT 20 (GDP status/command) = B    ; GDP command byte 0B
*** IN 20 (GDP status/command) = 5    ; light_pen_end=1, vertical_blanking=0, ready=1, pen_out_of_display=0, light_pen_irq=0, vb_irq=0, ready_irq=0, irq=0
>>> AF	OUT	(#20),A
*** OUT 20 (GDP status/command) = B    ; GDP command byte 0B
*** IN 20 (GDP status/command) = 5    ; light_pen_end=1, vertical_blanking=0, ready=1, pen_out_of_display=0, light_pen_irq=0, vb_irq=0, ready_irq=0, irq=0
>>> AF	OUT	(#20),A
*** OUT 20 (GDP status/command) = B    ; GDP command byte 0B
*** IN 20 (GDP status/command) = 5    ; light_pen_end=1, vertical_blanking=0, ready=1, pen_out_of_display=0, light_pen_irq=0, vb_irq=0, ready_irq=0, irq=0
>>> AF	OUT	(#20),A
*** OUT 20 (GDP status/command) = B    ; GDP command byte 0B
*** IN 20 (GDP status/command) = 5    ; light_pen_end=1, vertical_blanking=0, ready=1, pen_out_of_display=0, light_pen_irq=0, vb_irq=0, ready_irq=0, irq=0
>>> AF	OUT	(#20),A
*** OUT 20 (GDP status/command) = B    ; GDP command byte 0B
*** IN 20 (GDP status/command) = 5    ; light_pen_end=1, vertical_blanking=0, ready=1, pen_out_of_display=0, light_pen_irq=0, vb_irq=0, ready_irq=0, irq=0
>>> AF	OUT	(#20),A
*** OUT 20 (GDP status/command) = B    ; GDP command byte 0B
*** IN 20 (GDP status/command) = 5    ; light_pen_end=1, vertical_blanking=0, ready=1, pen_out_of_display=0, light_pen_irq=0, vb_irq=0, ready_irq=0, irq=0
>>> AF	OUT	(#20),A
*** OUT 20 (GDP status/command) = B    ; GDP command byte 0B
*** IN 20 (GDP status/command) = 5    ; light_pen_end=1, vertical_blanking=0, ready=1, pen_out_of_display=0, light_pen_irq=0, vb_irq=0, ready_irq=0, irq=0
>>> AF	OUT	(#20),A
*** OUT 20 (GDP status/command) = B    ; GDP command byte 0B
*** IN 20 (GDP status/command) = 5    ; light_pen_end=1, vertical_blanking=0, ready=1, pen_out_of_display=0, light_pen_irq=0, vb_irq=0, ready_irq=0, irq=0
>>> AF	OUT	(#20),A
*** OUT 20 (GDP status/command) = B    ; GDP command byte 0B
*** IN 20 (GDP status/command) = D    ; light_pen_end=1, vertical_blanking=0, ready=1, pen_out_of_display=1, light_pen_irq=0, vb_irq=0, ready_irq=0, irq=0
>>> 24A	OUT	(#23),A
*** OUT 23 (GDP character size register) = 21    ; P(x_scale)=1, Q(y_scale)=2
>>> 24E	OUT	(#22),A
*** OUT 22 (GDP control register 2) = 0    ; vector_type=0, tilted_characters=0, vertical_axis_characters=0, bit4_X=0, bit5_X=0, bit6_X=0, bit7_X=0
*** IN 20 (GDP status/command) = D    ; light_pen_end=1, vertical_blanking=0, ready=1, pen_out_of_display=1, light_pen_irq=0, vb_irq=0, ready_irq=0, irq=0
>>> AF	OUT	(#20),A
*** OUT 20 (GDP status/command) = D    ; GDP command byte 0D
*** IN 20 (GDP status/command) = 5    ; light_pen_end=1, vertical_blanking=0, ready=1, pen_out_of_display=0, light_pen_irq=0, vb_irq=0, ready_irq=0, irq=0
>>> AF	OUT	(#20),A
*** OUT 20 (GDP status/command) = 0    ; GDP command byte 00
*** IN 20 (GDP status/command) = 5    ; light_pen_end=1, vertical_blanking=0, ready=1, pen_out_of_display=0, light_pen_irq=0, vb_irq=0, ready_irq=0, irq=0
>>> 24A	OUT	(#23),A
*** OUT 23 (GDP character size register) = 21    ; P(x_scale)=1, Q(y_scale)=2
>>> 24E	OUT	(#22),A
*** OUT 22 (GDP control register 2) = 0    ; vector_type=0, tilted_characters=0, vertical_axis_characters=0, bit4_X=0, bit5_X=0, bit6_X=0, bit7_X=0
*** IN 20 (GDP status/command) = 5    ; light_pen_end=1, vertical_blanking=0, ready=1, pen_out_of_display=0, light_pen_irq=0, vb_irq=0, ready_irq=0, irq=0
>>> AF	OUT	(#20),A
*** OUT 20 (GDP status/command) = 54    ; TESTING MEMORY ...    ; GDP command byte 54
*** IN 20 (GDP status/command) = 5    ; light_pen_end=1, vertical_blanking=0, ready=1, pen_out_of_display=0, light_pen_irq=0, vb_irq=0, ready_irq=0, irq=0
>>> AF	OUT	(#20),A
*** OUT 20 (GDP status/command) = 45    ; GDP command byte 45
*** IN 20 (GDP status/command) = 5    ; light_pen_end=1, vertical_blanking=0, ready=1, pen_out_of_display=0, light_pen_irq=0, vb_irq=0, ready_irq=0, irq=0
>>> AF	OUT	(#20),A
*** OUT 20 (GDP status/command) = 53    ; GDP command byte 53
*** IN 20 (GDP status/command) = 5    ; light_pen_end=1, vertical_blanking=0, ready=1, pen_out_of_display=0, light_pen_irq=0, vb_irq=0, ready_irq=0, irq=0
>>> AF	OUT	(#20),A
*** OUT 20 (GDP status/command) = 54    ; GDP command byte 54
*** IN 20 (GDP status/command) = 5    ; light_pen_end=1, vertical_blanking=0, ready=1, pen_out_of_display=0, light_pen_irq=0, vb_irq=0, ready_irq=0, irq=0
>>> AF	OUT	(#20),A
*** OUT 20 (GDP status/command) = 49    ; GDP command byte 49
*** IN 20 (GDP status/command) = 5    ; light_pen_end=1, vertical_blanking=0, ready=1, pen_out_of_display=0, light_pen_irq=0, vb_irq=0, ready_irq=0, irq=0
>>> AF	OUT	(#20),A
*** OUT 20 (GDP status/command) = 4E    ; GDP command byte 4E
*** IN 20 (GDP status/command) = 5    ; light_pen_end=1, vertical_blanking=0, ready=1, pen_out_of_display=0, light_pen_irq=0, vb_irq=0, ready_irq=0, irq=0
>>> AF	OUT	(#20),A
*** OUT 20 (GDP status/command) = 47    ; GDP command byte 47
*** IN 20 (GDP status/command) = 5    ; light_pen_end=1, vertical_blanking=0, ready=1, pen_out_of_display=0, light_pen_irq=0, vb_irq=0, ready_irq=0, irq=0
>>> AF	OUT	(#20),A
*** OUT 20 (GDP status/command) = 20    ; GDP command byte 20
*** IN 20 (GDP status/command) = 5    ; light_pen_end=1, vertical_blanking=0, ready=1, pen_out_of_display=0, light_pen_irq=0, vb_irq=0, ready_irq=0, irq=0
>>> AF	OUT	(#20),A
*** OUT 20 (GDP status/command) = 4D    ; GDP command byte 4D
*** IN 20 (GDP status/command) = 5    ; light_pen_end=1, vertical_blanking=0, ready=1, pen_out_of_display=0, light_pen_irq=0, vb_irq=0, ready_irq=0, irq=0
>>> AF	OUT	(#20),A
*** OUT 20 (GDP status/command) = 45    ; GDP command byte 45
*** IN 20 (GDP status/command) = 5    ; light_pen_end=1, vertical_blanking=0, ready=1, pen_out_of_display=0, light_pen_irq=0, vb_irq=0, ready_irq=0, irq=0
>>> AF	OUT	(#20),A
*** OUT 20 (GDP status/command) = 4D    ; GDP command byte 4D
*** IN 20 (GDP status/command) = 5    ; light_pen_end=1, vertical_blanking=0, ready=1, pen_out_of_display=0, light_pen_irq=0, vb_irq=0, ready_irq=0, irq=0
>>> AF	OUT	(#20),A
*** OUT 20 (GDP status/command) = 4F    ; GDP command byte 4F
*** IN 20 (GDP status/command) = 5    ; light_pen_end=1, vertical_blanking=0, ready=1, pen_out_of_display=0, light_pen_irq=0, vb_irq=0, ready_irq=0, irq=0
>>> AF	OUT	(#20),A
*** OUT 20 (GDP status/command) = 52    ; GDP command byte 52
*** IN 20 (GDP status/command) = 5    ; light_pen_end=1, vertical_blanking=0, ready=1, pen_out_of_display=0, light_pen_irq=0, vb_irq=0, ready_irq=0, irq=0
>>> AF	OUT	(#20),A
*** OUT 20 (GDP status/command) = 59    ; GDP command byte 59
*** IN 20 (GDP status/command) = 5    ; light_pen_end=1, vertical_blanking=0, ready=1, pen_out_of_display=0, light_pen_irq=0, vb_irq=0, ready_irq=0, irq=0
>>> AF	OUT	(#20),A
*** OUT 20 (GDP status/command) = 20    ; GDP command byte 20
*** IN 20 (GDP status/command) = 5    ; light_pen_end=1, vertical_blanking=0, ready=1, pen_out_of_display=0, light_pen_irq=0, vb_irq=0, ready_irq=0, irq=0
>>> AF	OUT	(#20),A
*** OUT 20 (GDP status/command) = 2E    ; GDP command byte 2E
*** IN 20 (GDP status/command) = 5    ; light_pen_end=1, vertical_blanking=0, ready=1, pen_out_of_display=0, light_pen_irq=0, vb_irq=0, ready_irq=0, irq=0
>>> AF	OUT	(#20),A
*** OUT 20 (GDP status/command) = 2E    ; GDP command byte 2E
*** IN 20 (GDP status/command) = 5    ; light_pen_end=1, vertical_blanking=0, ready=1, pen_out_of_display=0, light_pen_irq=0, vb_irq=0, ready_irq=0, irq=0
>>> AF	OUT	(#20),A
*** OUT 20 (GDP status/command) = 2E    ; GDP command byte 2E
*** IN 20 (GDP status/command) = 5    ; light_pen_end=1, vertical_blanking=0, ready=1, pen_out_of_display=0, light_pen_irq=0, vb_irq=0, ready_irq=0, irq=0
>>> AF	OUT	(#20),A
*** OUT 20 (GDP status/command) = 20    ; GDP command byte 20
                                                ; WE "LEAVE" EPROM HERE
>>> 8606	OUT	(#33),A
*** OUT 33 (PIO port B control register) = 7    ; PIO B control byte 07
>>> 8608	OUT	(#31),A
*** OUT 31 (PIO port A control register) = 7    ; PIO A control byte 07
>>> 861A	OUT	(#31),A
*** OUT 31 (PIO port A control register) = B0    ; PIO A control byte B0
>>> 8620	OUT	(#33),A
*** OUT 33 (PIO port B control register) = B2    ; PIO B control byte B2
*** OUT 31 (PIO port A control register) = 7    ; PIO A control byte 07
*** OUT 31 (PIO port A control register) = F    ; PIO A control byte 0F
*** OUT 30 (Graphic common control) = 0    ; display_page_memory=0, write_page_memory=0, write_mode_xor_nor=0, format_0=0, format_1=0, gdpint_read_only=0, avdint_read_only=0, scroll_mode=0
>>> AD46	OUT	(#30),A
*** OUT 30 (Graphic common control) = 0    ; display_page_memory=0, write_page_memory=0, write_mode_xor_nor=0, format_0=0, format_1=0, gdpint_read_only=0, avdint_read_only=0, scroll_mode=0
>>> AD48	OUT	(#36),A
*** OUT 36 (Common input/Graphic scroll) = 0    ; graphic scroll offset=00
*** IN 30 (Graphic common control) = 0    ; display_page_memory=0, write_page_memory=0, write_mode_xor_nor=0, format_0=0, format_1=0, gdpint_read_only=0, avdint_read_only=0, scroll_mode=0
>>> AD5B	OUT	(#30),A
*** OUT 30 (Graphic common control) = 0    ; display_page_memory=0, write_page_memory=0, write_mode_xor_nor=0, format_0=0, format_1=0, gdpint_read_only=0, avdint_read_only=0, scroll_mode=0
*** IN 30 (Graphic common control) = 0    ; display_page_memory=0, write_page_memory=0, write_mode_xor_nor=0, format_0=0, format_1=0, gdpint_read_only=0, avdint_read_only=0, scroll_mode=0
*** IN 2F (GDP status (no interrupt reset)) = 7    ; light_pen_end=1, vertical_blanking=1, ready=1, pen_out_of_display=0, light_pen_irq=0, vb_irq=0, ready_irq=0, irq=0
>>> B522	OUT	(#30),A
*** OUT 30 (Graphic common control) = 3    ; display_page_memory=1, write_page_memory=1, write_mode_xor_nor=0, format_0=0, format_1=0, gdpint_read_only=0, avdint_read_only=0, scroll_mode=0
>>> AD64	OUT	(#20),A
*** OUT 20 (GDP status/command) = 4    ; GDP command byte 04
*** IN 30 (Graphic common control) = 3    ; display_page_memory=1, write_page_memory=1, write_mode_xor_nor=0, format_0=0, format_1=0, gdpint_read_only=0, avdint_read_only=0, scroll_mode=0
*** IN 2F (GDP status (no interrupt reset)) = 5    ; light_pen_end=1, vertical_blanking=0, ready=1, pen_out_of_display=0, light_pen_irq=0, vb_irq=0, ready_irq=0, irq=0
>>> B522	OUT	(#30),A
*** OUT 30 (Graphic common control) = 0    ; display_page_memory=0, write_page_memory=0, write_mode_xor_nor=0, format_0=0, format_1=0, gdpint_read_only=0, avdint_read_only=0, scroll_mode=0
>>> AD6D	OUT	(#21),A
*** OUT 21 (GDP control register 1) = 3    ; pen_down=1, pen_not_eraser=1, write_only=0, cyclic_screen=0, enable_lpen_irq=0, enable_vb_irq=0, enable_ready_irq=0, bit7_unused=0
>>> AD71	OUT	(#20),A
*** OUT 20 (GDP status/command) = 4    ; GDP command byte 04
*** IN 2F (GDP status (no interrupt reset)) = 5    ; light_pen_end=1, vertical_blanking=0, ready=1, pen_out_of_display=0, light_pen_irq=0, vb_irq=0, ready_irq=0, irq=0
>>> B505	OUT	(#20),A
*** OUT 20 (GDP status/command) = 5    ; GDP command byte 05
*** OUT 33 (PIO port B control register) = 7    ; PIO B control byte 07
*** OUT 33 (PIO port B control register) = F    ; PIO B control byte 0F
*** OUT 33 (PIO port B control register) = 7    ; PIO B control byte 07
>>> A3AF	OUT	(#32),A
*** OUT 32 (Common text attributes) = 65    ; dot_stretch=1, cursor_mode=0, monochrome_colour=1, force_background_blue_foreground=0, reverse_screen_green_foreground=0, dots_char_0=1, dots_char_1=1, text_video_clock_24_16=0
>>> A3BE	OUT	(#39),A
*** OUT 39 (AVDC status/command) = 0    ; instantaneous: master reset
>>> A3C4	OUT	(#39),A
*** OUT 39 (AVDC status/command) = 0    ; instantaneous: master reset
*** IN 20 (GDP status/command) = 5  [x2188]    ; light_pen_end=1, vertical_blanking=0, ready=1, pen_out_of_display=0, light_pen_irq=0, vb_irq=0, ready_irq=0, irq=0
*** IN 20 (GDP status/command) = 7    ; light_pen_end=1, vertical_blanking=1, ready=1, pen_out_of_display=0, light_pen_irq=0, vb_irq=0, ready_irq=0, irq=0
*** IN 20 (GDP status/command) = 5    ; light_pen_end=1, vertical_blanking=0, ready=1, pen_out_of_display=0, light_pen_irq=0, vb_irq=0, ready_irq=0, irq=0
>>> AAD7	OUT	(#3E),A
*** OUT 3E (AVDC screen start 2 lower) = 0    ; screen_start_2_low=00
>>> AAD9	OUT	(#3F),A
*** OUT 3F (AVDC screen start 2 upper) = 0    ; screen_start_2_high=00
>>> AADD	OUT	(#39),A
*** OUT 39 (AVDC status/command) = 10    ; instantaneous: load IR pointer with V=0
*** OUT 38 (AVDC interrupt register/init registers) = D0    ; AVDC init/register data byte D0
*** OUT 38 (AVDC interrupt register/init registers) = 2F    ; AVDC init/register data byte 2F
*** OUT 38 (AVDC interrupt register/init registers) = 8D    ; AVDC init/register data byte 8D
*** OUT 38 (AVDC interrupt register/init registers) = 5    ; AVDC init/register data byte 05
*** OUT 38 (AVDC interrupt register/init registers) = 99    ; AVDC init/register data byte 99
*** OUT 38 (AVDC interrupt register/init registers) = 4F    ; AVDC init/register data byte 4F
*** OUT 38 (AVDC interrupt register/init registers) = A    ; AVDC init/register data byte 0A
*** OUT 38 (AVDC interrupt register/init registers) = EA    ; AVDC init/register data byte EA
*** OUT 38 (AVDC interrupt register/init registers) = 0    ; AVDC init/register data byte 00
*** OUT 38 (AVDC interrupt register/init registers) = 30    ; AVDC init/register data byte 30
>>> AAA9	OUT	(#39),A
*** OUT 39 (AVDC status/command) = 1C    ; instantaneous: load IR pointer with V=12
*** OUT 38 (AVDC interrupt register/init registers) = 0    ; AVDC init/register data byte 00
*** OUT 38 (AVDC interrupt register/init registers) = 17    ; AVDC init/register data byte 17
*** OUT 38 (AVDC interrupt register/init registers) = 0    ; AVDC init/register data byte 00
>>> A3D3	OUT	(#39),A
*** OUT 39 (AVDC status/command) = 3D    ; instantaneous: cursor on
>>> A3D6	OUT	(#3D),A
*** OUT 3D (AVDC cursor address upper) = 0    ; cursor_addr_high=00
>>> A3D8	OUT	(#3C),A
*** OUT 3C (AVDC cursor address lower) = 0    ; cursor_addr_low=00
>>> AA81	OUT	(#39),A
*** OUT 39 (AVDC status/command) = 1A    ; instantaneous: load IR pointer with V=10
>>> AA84	OUT	(#38),A
*** OUT 38 (AVDC interrupt register/init registers) = FF    ; AVDC init/register data byte FF
>>> AA87	OUT	(#38),A
*** OUT 38 (AVDC interrupt register/init registers) = F    ; AVDC init/register data byte 0F
>>> A3E2	OUT	(#34),A
*** OUT 34 (Character register) = 20    ; character ' '
>>> A3E5	OUT	(#35),A
*** OUT 35 (Attribute register) = 0    ; blink=0, underline=0, special_character=0, protect=0, highlight_red_foreground=0, reverse_video_green_background=0, gp2_blue_background=0, gp1_red_background=0
>>> A3E9	OUT	(#39),A
*** OUT 39 (AVDC status/command) = BB    ; delayed: write from cursor address to pointer address
*** IN 39 (AVDC status/command) = 20    ; split_scr2_int=0, ready_int=0, split_scr1_int=0, line_zero_int=0, vb_int=0, ready_flag=1, bit6_reserved=0, bit7_reserved=0
*** IN 36 (Common input/Graphic scroll) = 5F    ; bit0_undefined=1, bit1_undefined=1, bit2_undefined=1, bit3_undefined=1, avdc_access_flag=1, bit5_undefined=0, bit6_undefined=1, graph_pix_input=0
*** IN 36 (Common input/Graphic scroll) = 5E    ; bit0_undefined=0, bit1_undefined=1, bit2_undefined=1, bit3_undefined=1, avdc_access_flag=1, bit5_undefined=0, bit6_undefined=1, graph_pix_input=0
*** IN 36 (Common input/Graphic scroll) = 4E    ; bit0_undefined=0, bit1_undefined=1, bit2_undefined=1, bit3_undefined=1, avdc_access_flag=0, bit5_undefined=0, bit6_undefined=1, graph_pix_input=0
*** IN 39 (AVDC status/command) = 20    ; split_scr2_int=0, ready_int=0, split_scr1_int=0, line_zero_int=0, vb_int=0, ready_flag=1, bit6_reserved=0, bit7_reserved=0
>>> AA8F	OUT	(#3C),A
*** OUT 3C (AVDC cursor address lower) = 0    ; cursor_addr_low=00
>>> AA92	OUT	(#3D),A
*** OUT 3D (AVDC cursor address upper) = 0    ; cursor_addr_high=00
*** IN 36 (Common input/Graphic scroll) = 5E    ; bit0_undefined=0, bit1_undefined=1, bit2_undefined=1, bit3_undefined=1, avdc_access_flag=1, bit5_undefined=0, bit6_undefined=1, graph_pix_input=0
*** IN 36 (Common input/Graphic scroll) = 4F    ; bit0_undefined=1, bit1_undefined=1, bit2_undefined=1, bit3_undefined=1, avdc_access_flag=0, bit5_undefined=0, bit6_undefined=1, graph_pix_input=0
*** IN 39 (AVDC status/command) = 20    ; split_scr2_int=0, ready_int=0, split_scr1_int=0, line_zero_int=0, vb_int=0, ready_flag=1, bit6_reserved=0, bit7_reserved=0
*** OUT 34 (Character register) = C2    ; character code C2
>>> AB0E	OUT	(#39),A
*** OUT 39 (AVDC status/command) = AB    ; delayed: write at cursor address and increment
*** IN 39 (AVDC status/command) = 20    ; split_scr2_int=0, ready_int=0, split_scr1_int=0, line_zero_int=0, vb_int=0, ready_flag=1, bit6_reserved=0, bit7_reserved=0
*** OUT 34 (Character register) = 1    ; character code 01
>>> AB17	OUT	(#39),A
*** OUT 39 (AVDC status/command) = AB    ; delayed: write at cursor address and increment
*** IN 39 (AVDC status/command) = 20    ; split_scr2_int=0, ready_int=0, split_scr1_int=0, line_zero_int=0, vb_int=0, ready_flag=1, bit6_reserved=0, bit7_reserved=0
*** OUT 34 (Character register) = 46    ; character 'F'
>>> AB0E	OUT	(#39),A
*** OUT 39 (AVDC status/command) = AB    ; delayed: write at cursor address and increment
*** IN 39 (AVDC status/command) = 20    ; split_scr2_int=0, ready_int=0, split_scr1_int=0, line_zero_int=0, vb_int=0, ready_flag=1, bit6_reserved=0, bit7_reserved=0
*** OUT 34 (Character register) = 2    ; character code 02
>>> AB17	OUT	(#39),A
*** OUT 39 (AVDC status/command) = AB    ; delayed: write at cursor address and increment
*** IN 39 (AVDC status/command) = 20    ; split_scr2_int=0, ready_int=0, split_scr1_int=0, line_zero_int=0, vb_int=0, ready_flag=1, bit6_reserved=0, bit7_reserved=0
*** OUT 34 (Character register) = CA    ; character code CA
>>> AB0E	OUT	(#39),A
*** OUT 39 (AVDC status/command) = AB    ; delayed: write at cursor address and increment
*** IN 39 (AVDC status/command) = 20    ; split_scr2_int=0, ready_int=0, split_scr1_int=0, line_zero_int=0, vb_int=0, ready_flag=1, bit6_reserved=0, bit7_reserved=0
*** OUT 34 (Character register) = 2    ; character code 02
>>> AB17	OUT	(#39),A
*** OUT 39 (AVDC status/command) = AB    ; delayed: write at cursor address and increment
*** IN 36 (Common input/Graphic scroll) = 4E    ; bit0_undefined=0, bit1_undefined=1, bit2_undefined=1, bit3_undefined=1, avdc_access_flag=0, bit5_undefined=0, bit6_undefined=1, graph_pix_input=0
*** IN 36 (Common input/Graphic scroll) = 4F    ; bit0_undefined=1, bit1_undefined=1, bit2_undefined=1, bit3_undefined=1, avdc_access_flag=0, bit5_undefined=0, bit6_undefined=1, graph_pix_input=0
*** IN 36 (Common input/Graphic scroll) = 4E    ; bit0_undefined=0, bit1_undefined=1, bit2_undefined=1, bit3_undefined=1, avdc_access_flag=0, bit5_undefined=0, bit6_undefined=1, graph_pix_input=0
*** IN 36 (Common input/Graphic scroll) = 5E    ; bit0_undefined=0, bit1_undefined=1, bit2_undefined=1, bit3_undefined=1, avdc_access_flag=1, bit5_undefined=0, bit6_undefined=1, graph_pix_input=0
*** IN 36 (Common input/Graphic scroll) = 4E    ; bit0_undefined=0, bit1_undefined=1, bit2_undefined=1, bit3_undefined=1, avdc_access_flag=0, bit5_undefined=0, bit6_undefined=1, graph_pix_input=0
*** IN 39 (AVDC status/command) = 20    ; split_scr2_int=0, ready_int=0, split_scr1_int=0, line_zero_int=0, vb_int=0, ready_flag=1, bit6_reserved=0, bit7_reserved=0
*** OUT 34 (Character register) = 4E    ; character 'N'
>>> AB0E	OUT	(#39),A
*** OUT 39 (AVDC status/command) = AB    ; delayed: write at cursor address and increment
*** IN 39 (AVDC status/command) = 20    ; split_scr2_int=0, ready_int=0, split_scr1_int=0, line_zero_int=0, vb_int=0, ready_flag=1, bit6_reserved=0, bit7_reserved=0
*** OUT 34 (Character register) = 3    ; character code 03
>>> AB17	OUT	(#39),A
*** OUT 39 (AVDC status/command) = AB    ; delayed: write at cursor address and increment
*** IN 39 (AVDC status/command) = 20    ; split_scr2_int=0, ready_int=0, split_scr1_int=0, line_zero_int=0, vb_int=0, ready_flag=1, bit6_reserved=0, bit7_reserved=0
*** OUT 34 (Character register) = D2    ; character code D2
>>> AB0E	OUT	(#39),A
*** OUT 39 (AVDC status/command) = AB    ; delayed: write at cursor address and increment
*** IN 39 (AVDC status/command) = 20    ; split_scr2_int=0, ready_int=0, split_scr1_int=0, line_zero_int=0, vb_int=0, ready_flag=1, bit6_reserved=0, bit7_reserved=0
*** OUT 34 (Character register) = 3    ; character code 03
>>> AB17	OUT	(#39),A
*** OUT 39 (AVDC status/command) = AB    ; delayed: write at cursor address and increment
*** IN 39 (AVDC status/command) = 20    ; split_scr2_int=0, ready_int=0, split_scr1_int=0, line_zero_int=0, vb_int=0, ready_flag=1, bit6_reserved=0, bit7_reserved=0
*** OUT 34 (Character register) = 56    ; character 'V'
>>> AB0E	OUT	(#39),A
*** OUT 39 (AVDC status/command) = AB    ; delayed: write at cursor address and increment
*** IN 39 (AVDC status/command) = 20    ; split_scr2_int=0, ready_int=0, split_scr1_int=0, line_zero_int=0, vb_int=0, ready_flag=1, bit6_reserved=0, bit7_reserved=0
*** OUT 34 (Character register) = 4    ; character code 04
>>> AB17	OUT	(#39),A
*** OUT 39 (AVDC status/command) = AB    ; delayed: write at cursor address and increment
*** IN 36 (Common input/Graphic scroll) = 5E  [x3]    ; bit0_undefined=0, bit1_undefined=1, bit2_undefined=1, bit3_undefined=1, avdc_access_flag=1, bit5_undefined=0, bit6_undefined=1, graph_pix_input=0
*** IN 36 (Common input/Graphic scroll) = 4F    ; bit0_undefined=1, bit1_undefined=1, bit2_undefined=1, bit3_undefined=1, avdc_access_flag=0, bit5_undefined=0, bit6_undefined=1, graph_pix_input=0
*** IN 39 (AVDC status/command) = 20    ; split_scr2_int=0, ready_int=0, split_scr1_int=0, line_zero_int=0, vb_int=0, ready_flag=1, bit6_reserved=0, bit7_reserved=0
*** OUT 34 (Character register) = DA    ; character code DA
>>> AB0E	OUT	(#39),A
*** OUT 39 (AVDC status/command) = AB    ; delayed: write at cursor address and increment
*** IN 39 (AVDC status/command) = 20    ; split_scr2_int=0, ready_int=0, split_scr1_int=0, line_zero_int=0, vb_int=0, ready_flag=1, bit6_reserved=0, bit7_reserved=0
*** OUT 34 (Character register) = 4    ; character code 04
>>> AB17	OUT	(#39),A
*** OUT 39 (AVDC status/command) = AB    ; delayed: write at cursor address and increment
*** IN 39 (AVDC status/command) = 20    ; split_scr2_int=0, ready_int=0, split_scr1_int=0, line_zero_int=0, vb_int=0, ready_flag=1, bit6_reserved=0, bit7_reserved=0
*** OUT 34 (Character register) = 5E    ; character '^'
>>> AB0E	OUT	(#39),A
*** OUT 39 (AVDC status/command) = AB    ; delayed: write at cursor address and increment
*** IN 39 (AVDC status/command) = 20    ; split_scr2_int=0, ready_int=0, split_scr1_int=0, line_zero_int=0, vb_int=0, ready_flag=1, bit6_reserved=0, bit7_reserved=0
*** OUT 34 (Character register) = 5    ; character code 05
>>> AB17	OUT	(#39),A
*** OUT 39 (AVDC status/command) = AB    ; delayed: write at cursor address and increment
*** IN 39 (AVDC status/command) = 20    ; split_scr2_int=0, ready_int=0, split_scr1_int=0, line_zero_int=0, vb_int=0, ready_flag=1, bit6_reserved=0, bit7_reserved=0
*** OUT 34 (Character register) = E2    ; character code E2
>>> AB0E	OUT	(#39),A
*** OUT 39 (AVDC status/command) = AB    ; delayed: write at cursor address and increment
*** IN 39 (AVDC status/command) = 20    ; split_scr2_int=0, ready_int=0, split_scr1_int=0, line_zero_int=0, vb_int=0, ready_flag=1, bit6_reserved=0, bit7_reserved=0
*** OUT 34 (Character register) = 5    ; character code 05
>>> AB17	OUT	(#39),A
*** OUT 39 (AVDC status/command) = AB    ; delayed: write at cursor address and increment
*** IN 36 (Common input/Graphic scroll) = 4E    ; bit0_undefined=0, bit1_undefined=1, bit2_undefined=1, bit3_undefined=1, avdc_access_flag=0, bit5_undefined=0, bit6_undefined=1, graph_pix_input=0
*** IN 36 (Common input/Graphic scroll) = 5F    ; bit0_undefined=1, bit1_undefined=1, bit2_undefined=1, bit3_undefined=1, avdc_access_flag=1, bit5_undefined=0, bit6_undefined=1, graph_pix_input=0
*** IN 36 (Common input/Graphic scroll) = 4E    ; bit0_undefined=0, bit1_undefined=1, bit2_undefined=1, bit3_undefined=1, avdc_access_flag=0, bit5_undefined=0, bit6_undefined=1, graph_pix_input=0
*** IN 39 (AVDC status/command) = 20    ; split_scr2_int=0, ready_int=0, split_scr1_int=0, line_zero_int=0, vb_int=0, ready_flag=1, bit6_reserved=0, bit7_reserved=0
*** OUT 34 (Character register) = 66    ; character 'f'
>>> AB0E	OUT	(#39),A
*** OUT 39 (AVDC status/command) = AB    ; delayed: write at cursor address and increment
*** IN 39 (AVDC status/command) = 20    ; split_scr2_int=0, ready_int=0, split_scr1_int=0, line_zero_int=0, vb_int=0, ready_flag=1, bit6_reserved=0, bit7_reserved=0
*** OUT 34 (Character register) = 6    ; character code 06
>>> AB17	OUT	(#39),A
*** OUT 39 (AVDC status/command) = AB    ; delayed: write at cursor address and increment
*** IN 39 (AVDC status/command) = 20    ; split_scr2_int=0, ready_int=0, split_scr1_int=0, line_zero_int=0, vb_int=0, ready_flag=1, bit6_reserved=0, bit7_reserved=0
*** OUT 34 (Character register) = EA    ; character code EA
>>> AB0E	OUT	(#39),A
*** OUT 39 (AVDC status/command) = AB    ; delayed: write at cursor address and increment
*** IN 39 (AVDC status/command) = 20    ; split_scr2_int=0, ready_int=0, split_scr1_int=0, line_zero_int=0, vb_int=0, ready_flag=1, bit6_reserved=0, bit7_reserved=0
*** OUT 34 (Character register) = 6    ; character code 06
>>> AB17	OUT	(#39),A
*** OUT 39 (AVDC status/command) = AB    ; delayed: write at cursor address and increment
*** IN 39 (AVDC status/command) = 20    ; split_scr2_int=0, ready_int=0, split_scr1_int=0, line_zero_int=0, vb_int=0, ready_flag=1, bit6_reserved=0, bit7_reserved=0
*** OUT 34 (Character register) = 6E    ; character 'n'
>>> AB0E	OUT	(#39),A
*** OUT 39 (AVDC status/command) = AB    ; delayed: write at cursor address and increment
*** IN 39 (AVDC status/command) = 20    ; split_scr2_int=0, ready_int=0, split_scr1_int=0, line_zero_int=0, vb_int=0, ready_flag=1, bit6_reserved=0, bit7_reserved=0
*** OUT 34 (Character register) = 7    ; character code 07
>>> AB17	OUT	(#39),A
*** OUT 39 (AVDC status/command) = AB    ; delayed: write at cursor address and increment
*** IN 36 (Common input/Graphic scroll) = 5F  [x2]    ; bit0_undefined=1, bit1_undefined=1, bit2_undefined=1, bit3_undefined=1, avdc_access_flag=1, bit5_undefined=0, bit6_undefined=1, graph_pix_input=0
*** IN 36 (Common input/Graphic scroll) = 5E  [x2]    ; bit0_undefined=0, bit1_undefined=1, bit2_undefined=1, bit3_undefined=1, avdc_access_flag=1, bit5_undefined=0, bit6_undefined=1, graph_pix_input=0
*** IN 36 (Common input/Graphic scroll) = 4E    ; bit0_undefined=0, bit1_undefined=1, bit2_undefined=1, bit3_undefined=1, avdc_access_flag=0, bit5_undefined=0, bit6_undefined=1, graph_pix_input=0
*** IN 39 (AVDC status/command) = 20    ; split_scr2_int=0, ready_int=0, split_scr1_int=0, line_zero_int=0, vb_int=0, ready_flag=1, bit6_reserved=0, bit7_reserved=0
*** OUT 34 (Character register) = F2    ; character code F2
>>> AB0E	OUT	(#39),A
*** OUT 39 (AVDC status/command) = AB    ; delayed: write at cursor address and increment
*** IN 39 (AVDC status/command) = 20    ; split_scr2_int=0, ready_int=0, split_scr1_int=0, line_zero_int=0, vb_int=0, ready_flag=1, bit6_reserved=0, bit7_reserved=0
*** OUT 34 (Character register) = 7    ; character code 07
>>> AB17	OUT	(#39),A
*** OUT 39 (AVDC status/command) = AB    ; delayed: write at cursor address and increment
*** IN 39 (AVDC status/command) = 20    ; split_scr2_int=0, ready_int=0, split_scr1_int=0, line_zero_int=0, vb_int=0, ready_flag=1, bit6_reserved=0, bit7_reserved=0
*** OUT 34 (Character register) = 76    ; character 'v'
>>> AB0E	OUT	(#39),A
*** OUT 39 (AVDC status/command) = AB    ; delayed: write at cursor address and increment
*** IN 39 (AVDC status/command) = 20    ; split_scr2_int=0, ready_int=0, split_scr1_int=0, line_zero_int=0, vb_int=0, ready_flag=1, bit6_reserved=0, bit7_reserved=0
*** OUT 34 (Character register) = 8    ; character code 08
>>> AB17	OUT	(#39),A
*** OUT 39 (AVDC status/command) = AB    ; delayed: write at cursor address and increment
*** IN 39 (AVDC status/command) = 20    ; split_scr2_int=0, ready_int=0, split_scr1_int=0, line_zero_int=0, vb_int=0, ready_flag=1, bit6_reserved=0, bit7_reserved=0
*** OUT 34 (Character register) = FA    ; character code FA
>>> AB0E	OUT	(#39),A
*** OUT 39 (AVDC status/command) = AB    ; delayed: write at cursor address and increment
*** IN 39 (AVDC status/command) = 20    ; split_scr2_int=0, ready_int=0, split_scr1_int=0, line_zero_int=0, vb_int=0, ready_flag=1, bit6_reserved=0, bit7_reserved=0
*** OUT 34 (Character register) = 8    ; character code 08
>>> AB17	OUT	(#39),A
*** OUT 39 (AVDC status/command) = AB    ; delayed: write at cursor address and increment
*** IN 36 (Common input/Graphic scroll) = 5E    ; bit0_undefined=0, bit1_undefined=1, bit2_undefined=1, bit3_undefined=1, avdc_access_flag=1, bit5_undefined=0, bit6_undefined=1, graph_pix_input=0
*** IN 36 (Common input/Graphic scroll) = 4E    ; bit0_undefined=0, bit1_undefined=1, bit2_undefined=1, bit3_undefined=1, avdc_access_flag=0, bit5_undefined=0, bit6_undefined=1, graph_pix_input=0
*** IN 39 (AVDC status/command) = 20    ; split_scr2_int=0, ready_int=0, split_scr1_int=0, line_zero_int=0, vb_int=0, ready_flag=1, bit6_reserved=0, bit7_reserved=0
*** OUT 34 (Character register) = 7E    ; character '~'
>>> AB0E	OUT	(#39),A
*** OUT 39 (AVDC status/command) = AB    ; delayed: write at cursor address and increment
*** IN 39 (AVDC status/command) = 20    ; split_scr2_int=0, ready_int=0, split_scr1_int=0, line_zero_int=0, vb_int=0, ready_flag=1, bit6_reserved=0, bit7_reserved=0
*** OUT 34 (Character register) = 9    ; character code 09
>>> AB17	OUT	(#39),A
*** OUT 39 (AVDC status/command) = AB    ; delayed: write at cursor address and increment
*** IN 39 (AVDC status/command) = 20    ; split_scr2_int=0, ready_int=0, split_scr1_int=0, line_zero_int=0, vb_int=0, ready_flag=1, bit6_reserved=0, bit7_reserved=0
*** OUT 34 (Character register) = 2    ; character code 02
>>> AB0E	OUT	(#39),A
*** OUT 39 (AVDC status/command) = AB    ; delayed: write at cursor address and increment
*** IN 39 (AVDC status/command) = 20    ; split_scr2_int=0, ready_int=0, split_scr1_int=0, line_zero_int=0, vb_int=0, ready_flag=1, bit6_reserved=0, bit7_reserved=0
*** OUT 34 (Character register) = A    ; character code 0A
>>> AB17	OUT	(#39),A
*** OUT 39 (AVDC status/command) = AB    ; delayed: write at cursor address and increment
*** IN 39 (AVDC status/command) = 20    ; split_scr2_int=0, ready_int=0, split_scr1_int=0, line_zero_int=0, vb_int=0, ready_flag=1, bit6_reserved=0, bit7_reserved=0
*** OUT 34 (Character register) = 86    ; character code 86
>>> AB0E	OUT	(#39),A
*** OUT 39 (AVDC status/command) = AB    ; delayed: write at cursor address and increment
*** IN 39 (AVDC status/command) = 20    ; split_scr2_int=0, ready_int=0, split_scr1_int=0, line_zero_int=0, vb_int=0, ready_flag=1, bit6_reserved=0, bit7_reserved=0
*** OUT 34 (Character register) = A    ; character code 0A
>>> AB17	OUT	(#39),A
*** OUT 39 (AVDC status/command) = AB    ; delayed: write at cursor address and increment
*** IN 36 (Common input/Graphic scroll) = 4E    ; bit0_undefined=0, bit1_undefined=1, bit2_undefined=1, bit3_undefined=1, avdc_access_flag=0, bit5_undefined=0, bit6_undefined=1, graph_pix_input=0
*** IN 36 (Common input/Graphic scroll) = 5F  [x2]    ; bit0_undefined=1, bit1_undefined=1, bit2_undefined=1, bit3_undefined=1, avdc_access_flag=1, bit5_undefined=0, bit6_undefined=1, graph_pix_input=0
*** IN 36 (Common input/Graphic scroll) = 4F    ; bit0_undefined=1, bit1_undefined=1, bit2_undefined=1, bit3_undefined=1, avdc_access_flag=0, bit5_undefined=0, bit6_undefined=1, graph_pix_input=0
*** IN 39 (AVDC status/command) = 20    ; split_scr2_int=0, ready_int=0, split_scr1_int=0, line_zero_int=0, vb_int=0, ready_flag=1, bit6_reserved=0, bit7_reserved=0
*** OUT 34 (Character register) = A    ; character code 0A
>>> AB0E	OUT	(#39),A
*** OUT 39 (AVDC status/command) = AB    ; delayed: write at cursor address and increment
*** IN 39 (AVDC status/command) = 20    ; split_scr2_int=0, ready_int=0, split_scr1_int=0, line_zero_int=0, vb_int=0, ready_flag=1, bit6_reserved=0, bit7_reserved=0
*** OUT 34 (Character register) = B    ; character code 0B
>>> AB17	OUT	(#39),A
*** OUT 39 (AVDC status/command) = AB    ; delayed: write at cursor address and increment
*** IN 39 (AVDC status/command) = 20    ; split_scr2_int=0, ready_int=0, split_scr1_int=0, line_zero_int=0, vb_int=0, ready_flag=1, bit6_reserved=0, bit7_reserved=0
*** OUT 34 (Character register) = 8E    ; character code 8E
>>> AB0E	OUT	(#39),A
*** OUT 39 (AVDC status/command) = AB    ; delayed: write at cursor address and increment
*** IN 39 (AVDC status/command) = 20    ; split_scr2_int=0, ready_int=0, split_scr1_int=0, line_zero_int=0, vb_int=0, ready_flag=1, bit6_reserved=0, bit7_reserved=0
*** OUT 34 (Character register) = B    ; character code 0B
>>> AB17	OUT	(#39),A
*** OUT 39 (AVDC status/command) = AB    ; delayed: write at cursor address and increment
*** IN 39 (AVDC status/command) = 20    ; split_scr2_int=0, ready_int=0, split_scr1_int=0, line_zero_int=0, vb_int=0, ready_flag=1, bit6_reserved=0, bit7_reserved=0
*** OUT 34 (Character register) = 12    ; character code 12
>>> AB0E	OUT	(#39),A
*** OUT 39 (AVDC status/command) = AB    ; delayed: write at cursor address and increment
*** IN 39 (AVDC status/command) = 20    ; split_scr2_int=0, ready_int=0, split_scr1_int=0, line_zero_int=0, vb_int=0, ready_flag=1, bit6_reserved=0, bit7_reserved=0
*** OUT 34 (Character register) = C    ; character code 0C
>>> AB17	OUT	(#39),A
*** OUT 39 (AVDC status/command) = AB    ; delayed: write at cursor address and increment
*** IN 36 (Common input/Graphic scroll) = 4F    ; bit0_undefined=1, bit1_undefined=1, bit2_undefined=1, bit3_undefined=1, avdc_access_flag=0, bit5_undefined=0, bit6_undefined=1, graph_pix_input=0
*** IN 36 (Common input/Graphic scroll) = 4E    ; bit0_undefined=0, bit1_undefined=1, bit2_undefined=1, bit3_undefined=1, avdc_access_flag=0, bit5_undefined=0, bit6_undefined=1, graph_pix_input=0
*** IN 36 (Common input/Graphic scroll) = 4F  [x4]    ; bit0_undefined=1, bit1_undefined=1, bit2_undefined=1, bit3_undefined=1, avdc_access_flag=0, bit5_undefined=0, bit6_undefined=1, graph_pix_input=0
*** IN 36 (Common input/Graphic scroll) = 5F    ; bit0_undefined=1, bit1_undefined=1, bit2_undefined=1, bit3_undefined=1, avdc_access_flag=1, bit5_undefined=0, bit6_undefined=1, graph_pix_input=0
*** IN 36 (Common input/Graphic scroll) = 4E    ; bit0_undefined=0, bit1_undefined=1, bit2_undefined=1, bit3_undefined=1, avdc_access_flag=0, bit5_undefined=0, bit6_undefined=1, graph_pix_input=0
*** IN 39 (AVDC status/command) = 20    ; split_scr2_int=0, ready_int=0, split_scr1_int=0, line_zero_int=0, vb_int=0, ready_flag=1, bit6_reserved=0, bit7_reserved=0
*** OUT 34 (Character register) = 96    ; character code 96
>>> AB0E	OUT	(#39),A
*** OUT 39 (AVDC status/command) = AB    ; delayed: write at cursor address and increment
*** IN 39 (AVDC status/command) = 20    ; split_scr2_int=0, ready_int=0, split_scr1_int=0, line_zero_int=0, vb_int=0, ready_flag=1, bit6_reserved=0, bit7_reserved=0
*** OUT 34 (Character register) = C    ; character code 0C
>>> AB17	OUT	(#39),A
*** OUT 39 (AVDC status/command) = AB    ; delayed: write at cursor address and increment
*** IN 39 (AVDC status/command) = 20    ; split_scr2_int=0, ready_int=0, split_scr1_int=0, line_zero_int=0, vb_int=0, ready_flag=1, bit6_reserved=0, bit7_reserved=0
*** OUT 34 (Character register) = 1A    ; character code 1A
>>> AB0E	OUT	(#39),A
*** OUT 39 (AVDC status/command) = AB    ; delayed: write at cursor address and increment
*** IN 39 (AVDC status/command) = 20    ; split_scr2_int=0, ready_int=0, split_scr1_int=0, line_zero_int=0, vb_int=0, ready_flag=1, bit6_reserved=0, bit7_reserved=0
*** OUT 34 (Character register) = D    ; character code 0D
>>> AB17	OUT	(#39),A
*** OUT 39 (AVDC status/command) = AB    ; delayed: write at cursor address and increment
*** IN 39 (AVDC status/command) = 20    ; split_scr2_int=0, ready_int=0, split_scr1_int=0, line_zero_int=0, vb_int=0, ready_flag=1, bit6_reserved=0, bit7_reserved=0
*** OUT 34 (Character register) = 9E    ; character code 9E
>>> AB0E	OUT	(#39),A
*** OUT 39 (AVDC status/command) = AB    ; delayed: write at cursor address and increment
*** IN 39 (AVDC status/command) = 20    ; split_scr2_int=0, ready_int=0, split_scr1_int=0, line_zero_int=0, vb_int=0, ready_flag=1, bit6_reserved=0, bit7_reserved=0
*** OUT 34 (Character register) = D    ; character code 0D
>>> AB17	OUT	(#39),A
*** OUT 39 (AVDC status/command) = AB    ; delayed: write at cursor address and increment
*** IN 36 (Common input/Graphic scroll) = 4E  [x3]    ; bit0_undefined=0, bit1_undefined=1, bit2_undefined=1, bit3_undefined=1, avdc_access_flag=0, bit5_undefined=0, bit6_undefined=1, graph_pix_input=0
*** IN 36 (Common input/Graphic scroll) = 4F    ; bit0_undefined=1, bit1_undefined=1, bit2_undefined=1, bit3_undefined=1, avdc_access_flag=0, bit5_undefined=0, bit6_undefined=1, graph_pix_input=0
*** IN 36 (Common input/Graphic scroll) = 5E    ; bit0_undefined=0, bit1_undefined=1, bit2_undefined=1, bit3_undefined=1, avdc_access_flag=1, bit5_undefined=0, bit6_undefined=1, graph_pix_input=0
*** IN 36 (Common input/Graphic scroll) = 4E    ; bit0_undefined=0, bit1_undefined=1, bit2_undefined=1, bit3_undefined=1, avdc_access_flag=0, bit5_undefined=0, bit6_undefined=1, graph_pix_input=0
*** IN 39 (AVDC status/command) = 20    ; split_scr2_int=0, ready_int=0, split_scr1_int=0, line_zero_int=0, vb_int=0, ready_flag=1, bit6_reserved=0, bit7_reserved=0
*** OUT 34 (Character register) = 22    ; character '"'
>>> AB0E	OUT	(#39),A
*** OUT 39 (AVDC status/command) = AB    ; delayed: write at cursor address and increment
*** IN 39 (AVDC status/command) = 20    ; split_scr2_int=0, ready_int=0, split_scr1_int=0, line_zero_int=0, vb_int=0, ready_flag=1, bit6_reserved=0, bit7_reserved=0
*** OUT 34 (Character register) = E    ; character code 0E
>>> AB17	OUT	(#39),A
*** OUT 39 (AVDC status/command) = AB    ; delayed: write at cursor address and increment
*** IN 39 (AVDC status/command) = 20    ; split_scr2_int=0, ready_int=0, split_scr1_int=0, line_zero_int=0, vb_int=0, ready_flag=1, bit6_reserved=0, bit7_reserved=0
*** OUT 34 (Character register) = A6    ; character code A6
>>> AB0E	OUT	(#39),A
*** OUT 39 (AVDC status/command) = AB    ; delayed: write at cursor address and increment
*** IN 39 (AVDC status/command) = 20    ; split_scr2_int=0, ready_int=0, split_scr1_int=0, line_zero_int=0, vb_int=0, ready_flag=1, bit6_reserved=0, bit7_reserved=0
*** OUT 34 (Character register) = E    ; character code 0E
>>> AB17	OUT	(#39),A
*** OUT 39 (AVDC status/command) = AB    ; delayed: write at cursor address and increment
*** IN 39 (AVDC status/command) = 20    ; split_scr2_int=0, ready_int=0, split_scr1_int=0, line_zero_int=0, vb_int=0, ready_flag=1, bit6_reserved=0, bit7_reserved=0
*** OUT 34 (Character register) = 2A    ; character '*'
>>> AB0E	OUT	(#39),A
*** OUT 39 (AVDC status/command) = AB    ; delayed: write at cursor address and increment
*** IN 39 (AVDC status/command) = 20    ; split_scr2_int=0, ready_int=0, split_scr1_int=0, line_zero_int=0, vb_int=0, ready_flag=1, bit6_reserved=0, bit7_reserved=0
*** OUT 34 (Character register) = F    ; character code 0F
>>> AB17	OUT	(#39),A
*** OUT 39 (AVDC status/command) = AB    ; delayed: write at cursor address and increment
>>> A3F9	OUT	(#39),A
*** OUT 39 (AVDC status/command) = 35    ; instantaneous: cursor on
*** IN 36 (Common input/Graphic scroll) = 4F    ; bit0_undefined=1, bit1_undefined=1, bit2_undefined=1, bit3_undefined=1, avdc_access_flag=0, bit5_undefined=0, bit6_undefined=1, graph_pix_input=0
>>> AB82	OUT	(#39),A
*** OUT 39 (AVDC status/command) = 30    ; instantaneous: cursor off
*** IN 36 (Common input/Graphic scroll) = 5F    ; bit0_undefined=1, bit1_undefined=1, bit2_undefined=1, bit3_undefined=1, avdc_access_flag=1, bit5_undefined=0, bit6_undefined=1, graph_pix_input=0
*** IN 36 (Common input/Graphic scroll) = 4E    ; bit0_undefined=0, bit1_undefined=1, bit2_undefined=1, bit3_undefined=1, avdc_access_flag=0, bit5_undefined=0, bit6_undefined=1, graph_pix_input=0
*** IN 39 (AVDC status/command) = 20    ; split_scr2_int=0, ready_int=0, split_scr1_int=0, line_zero_int=0, vb_int=0, ready_flag=1, bit6_reserved=0, bit7_reserved=0
>>> AA8F	OUT	(#3C),A
*** OUT 3C (AVDC cursor address lower) = C2    ; cursor_addr_low=C2
>>> AA92	OUT	(#3D),A
*** OUT 3D (AVDC cursor address upper) = 1    ; cursor_addr_high=01
*** IN 36 (Common input/Graphic scroll) = 5E    ; bit0_undefined=0, bit1_undefined=1, bit2_undefined=1, bit3_undefined=1, avdc_access_flag=1, bit5_undefined=0, bit6_undefined=1, graph_pix_input=0
*** IN 36 (Common input/Graphic scroll) = 4F    ; bit0_undefined=1, bit1_undefined=1, bit2_undefined=1, bit3_undefined=1, avdc_access_flag=0, bit5_undefined=0, bit6_undefined=1, graph_pix_input=0
>>> AB8D	OUT	(#39),A
*** OUT 39 (AVDC status/command) = 35    ; instantaneous: cursor on
*** IN 32 (Common text attributes) = 65    ; dot_stretch=1, cursor_mode=0, monochrome_colour=1, force_background_blue_foreground=0, reverse_screen_green_foreground=0, dots_char_0=1, dots_char_1=1, text_video_clock_24_16=0
>>> AA06	OUT	(#32),A
*** OUT 32 (Common text attributes) = 65    ; dot_stretch=1, cursor_mode=0, monochrome_colour=1, force_background_blue_foreground=0, reverse_screen_green_foreground=0, dots_char_0=1, dots_char_1=1, text_video_clock_24_16=0
*** IN 36 (Common input/Graphic scroll) = 4F    ; bit0_undefined=1, bit1_undefined=1, bit2_undefined=1, bit3_undefined=1, avdc_access_flag=0, bit5_undefined=0, bit6_undefined=1, graph_pix_input=0
*** IN 39 (AVDC status/command) = 20    ; split_scr2_int=0, ready_int=0, split_scr1_int=0, line_zero_int=0, vb_int=0, ready_flag=1, bit6_reserved=0, bit7_reserved=0
>>> A9BE	OUT	(#39),A
*** OUT 39 (AVDC status/command) = 0    ; instantaneous: master reset
*** IN 36 (Common input/Graphic scroll) = 5F    ; bit0_undefined=1, bit1_undefined=1, bit2_undefined=1, bit3_undefined=1, avdc_access_flag=1, bit5_undefined=0, bit6_undefined=1, graph_pix_input=0
*** IN 36 (Common input/Graphic scroll) = 4E    ; bit0_undefined=0, bit1_undefined=1, bit2_undefined=1, bit3_undefined=1, avdc_access_flag=0, bit5_undefined=0, bit6_undefined=1, graph_pix_input=0
*** IN 39 (AVDC status/command) = 20    ; split_scr2_int=0, ready_int=0, split_scr1_int=0, line_zero_int=0, vb_int=0, ready_flag=1, bit6_reserved=0, bit7_reserved=0
>>> A9D7	OUT	(#39),A
*** OUT 39 (AVDC status/command) = 0    ; instantaneous: master reset
*** IN 32 (Common text attributes) = 65    ; dot_stretch=1, cursor_mode=0, monochrome_colour=1, force_background_blue_foreground=0, reverse_screen_green_foreground=0, dots_char_0=1, dots_char_1=1, text_video_clock_24_16=0
>>> A9E2	OUT	(#32),A
*** OUT 32 (Common text attributes) = 65    ; dot_stretch=1, cursor_mode=0, monochrome_colour=1, force_background_blue_foreground=0, reverse_screen_green_foreground=0, dots_char_0=1, dots_char_1=1, text_video_clock_24_16=0
*** IN 20 (GDP status/command) = 5  [x2358]    ; light_pen_end=1, vertical_blanking=0, ready=1, pen_out_of_display=0, light_pen_irq=0, vb_irq=0, ready_irq=0, irq=0
*** IN 20 (GDP status/command) = 7    ; light_pen_end=1, vertical_blanking=1, ready=1, pen_out_of_display=0, light_pen_irq=0, vb_irq=0, ready_irq=0, irq=0
*** IN 20 (GDP status/command) = 5    ; light_pen_end=1, vertical_blanking=0, ready=1, pen_out_of_display=0, light_pen_irq=0, vb_irq=0, ready_irq=0, irq=0
>>> AAD7	OUT	(#3E),A
*** OUT 3E (AVDC screen start 2 lower) = 0    ; screen_start_2_low=00
>>> AAD9	OUT	(#3F),A
*** OUT 3F (AVDC screen start 2 upper) = 0    ; screen_start_2_high=00
>>> AADD	OUT	(#39),A
*** OUT 39 (AVDC status/command) = 10    ; instantaneous: load IR pointer with V=0
*** OUT 38 (AVDC interrupt register/init registers) = D0    ; AVDC init/register data byte D0
*** OUT 38 (AVDC interrupt register/init registers) = 2F    ; AVDC init/register data byte 2F
*** OUT 38 (AVDC interrupt register/init registers) = 8D    ; AVDC init/register data byte 8D
*** OUT 38 (AVDC interrupt register/init registers) = 5    ; AVDC init/register data byte 05
*** OUT 38 (AVDC interrupt register/init registers) = 99    ; AVDC init/register data byte 99
*** OUT 38 (AVDC interrupt register/init registers) = 4F    ; AVDC init/register data byte 4F
*** OUT 38 (AVDC interrupt register/init registers) = A    ; AVDC init/register data byte 0A
*** OUT 38 (AVDC interrupt register/init registers) = EA    ; AVDC init/register data byte EA
*** OUT 38 (AVDC interrupt register/init registers) = 0    ; AVDC init/register data byte 00
*** OUT 38 (AVDC interrupt register/init registers) = 30    ; AVDC init/register data byte 30
>>> A9E8	OUT	(#3E),A
*** OUT 3E (AVDC screen start 2 lower) = 0    ; screen_start_2_low=00
>>> A9EA	OUT	(#3F),A
*** OUT 3F (AVDC screen start 2 upper) = 0    ; screen_start_2_high=00
>>> A9F1	OUT	(#39),A
*** OUT 39 (AVDC status/command) = 3D    ; instantaneous: cursor on
*** IN 2F (GDP status (no interrupt reset)) = 5    ; light_pen_end=1, vertical_blanking=0, ready=1, pen_out_of_display=0, light_pen_irq=0, vb_irq=0, ready_irq=0, irq=0
>>> AD9F	OUT	(#29),A
*** OUT 29 (GDP Xpos LSBs) = FF    ; xpos_lsb=FF
>>> ADA3	OUT	(#28),A
*** OUT 28 (GDP Xpos MSBs) = 3    ; xpos_msb=03
*** IN 30 (Graphic common control) = 0    ; display_page_memory=0, write_page_memory=0, write_mode_xor_nor=0, format_0=0, format_1=0, gdpint_read_only=0, avdint_read_only=0, scroll_mode=0
>>> ADAD	OUT	(#2B),A
*** OUT 2B (GDP Ypos LSBs) = 0    ; ypos_lsb=00
>>> ADB0	OUT	(#2A),A
*** OUT 2A (GDP Ypos MSBs) = 0    ; ypos_msb=00
*** IN 2F (GDP status (no interrupt reset)) = 5    ; light_pen_end=1, vertical_blanking=0, ready=1, pen_out_of_display=0, light_pen_irq=0, vb_irq=0, ready_irq=0, irq=0
*** IN 30 (Graphic common control) = 0    ; display_page_memory=0, write_page_memory=0, write_mode_xor_nor=0, format_0=0, format_1=0, gdpint_read_only=0, avdint_read_only=0, scroll_mode=0
>>> ADE9	OUT	(#23),A
*** OUT 23 (GDP character size register) = 22    ; P(x_scale)=2, Q(y_scale)=2
*** IN 22 (GDP control register 2) = 0    ; vector_type=0, tilted_characters=0, vertical_axis_characters=0, bit4_X=0, bit5_X=0, bit6_X=0, bit7_X=0
>>> ADF7	OUT	(#22),A
*** OUT 22 (GDP control register 2) = 8    ; vector_type=0, tilted_characters=0, vertical_axis_characters=1, bit4_X=0, bit5_X=0, bit6_X=0, bit7_X=0
*** IN 2F (GDP status (no interrupt reset)) = 5    ; light_pen_end=1, vertical_blanking=0, ready=1, pen_out_of_display=0, light_pen_irq=0, vb_irq=0, ready_irq=0, irq=0
*** OUT 20 (GDP status/command) = 50                  ; Partner Gdp V 1.0 wf    ; GDP command byte 50
*** IN 2F (GDP status (no interrupt reset)) = 5    ; light_pen_end=1, vertical_blanking=0, ready=1, pen_out_of_display=0, light_pen_irq=0, vb_irq=0, ready_irq=0, irq=0
*** OUT 20 (GDP status/command) = 61    ; GDP command byte 61
*** IN 2F (GDP status (no interrupt reset)) = 5    ; light_pen_end=1, vertical_blanking=0, ready=1, pen_out_of_display=0, light_pen_irq=0, vb_irq=0, ready_irq=0, irq=0
*** OUT 20 (GDP status/command) = 72    ; GDP command byte 72
*** IN 2F (GDP status (no interrupt reset)) = 5    ; light_pen_end=1, vertical_blanking=0, ready=1, pen_out_of_display=0, light_pen_irq=0, vb_irq=0, ready_irq=0, irq=0
*** OUT 20 (GDP status/command) = 74    ; GDP command byte 74
*** IN 2F (GDP status (no interrupt reset)) = 5    ; light_pen_end=1, vertical_blanking=0, ready=1, pen_out_of_display=0, light_pen_irq=0, vb_irq=0, ready_irq=0, irq=0
*** OUT 20 (GDP status/command) = 6E    ; GDP command byte 6E
*** IN 2F (GDP status (no interrupt reset)) = 5    ; light_pen_end=1, vertical_blanking=0, ready=1, pen_out_of_display=0, light_pen_irq=0, vb_irq=0, ready_irq=0, irq=0
*** OUT 20 (GDP status/command) = 65    ; GDP command byte 65
*** IN 2F (GDP status (no interrupt reset)) = 5    ; light_pen_end=1, vertical_blanking=0, ready=1, pen_out_of_display=0, light_pen_irq=0, vb_irq=0, ready_irq=0, irq=0
*** OUT 20 (GDP status/command) = 72    ; GDP command byte 72
*** IN 2F (GDP status (no interrupt reset)) = 5    ; light_pen_end=1, vertical_blanking=0, ready=1, pen_out_of_display=0, light_pen_irq=0, vb_irq=0, ready_irq=0, irq=0
*** OUT 20 (GDP status/command) = 20    ; GDP command byte 20
*** IN 2F (GDP status (no interrupt reset)) = 5    ; light_pen_end=1, vertical_blanking=0, ready=1, pen_out_of_display=0, light_pen_irq=0, vb_irq=0, ready_irq=0, irq=0
*** OUT 20 (GDP status/command) = 47    ; GDP command byte 47
*** IN 2F (GDP status (no interrupt reset)) = 5    ; light_pen_end=1, vertical_blanking=0, ready=1, pen_out_of_display=0, light_pen_irq=0, vb_irq=0, ready_irq=0, irq=0
*** OUT 20 (GDP status/command) = 64    ; GDP command byte 64
*** IN 2F (GDP status (no interrupt reset)) = 5    ; light_pen_end=1, vertical_blanking=0, ready=1, pen_out_of_display=0, light_pen_irq=0, vb_irq=0, ready_irq=0, irq=0
*** OUT 20 (GDP status/command) = 70    ; GDP command byte 70
*** IN 2F (GDP status (no interrupt reset)) = 5    ; light_pen_end=1, vertical_blanking=0, ready=1, pen_out_of_display=0, light_pen_irq=0, vb_irq=0, ready_irq=0, irq=0
*** OUT 20 (GDP status/command) = 20    ; GDP command byte 20
*** IN 2F (GDP status (no interrupt reset)) = 5    ; light_pen_end=1, vertical_blanking=0, ready=1, pen_out_of_display=0, light_pen_irq=0, vb_irq=0, ready_irq=0, irq=0
*** OUT 20 (GDP status/command) = 56    ; GDP command byte 56
*** IN 2F (GDP status (no interrupt reset)) = 5    ; light_pen_end=1, vertical_blanking=0, ready=1, pen_out_of_display=0, light_pen_irq=0, vb_irq=0, ready_irq=0, irq=0
*** OUT 20 (GDP status/command) = 20    ; GDP command byte 20
*** IN 2F (GDP status (no interrupt reset)) = 5    ; light_pen_end=1, vertical_blanking=0, ready=1, pen_out_of_display=0, light_pen_irq=0, vb_irq=0, ready_irq=0, irq=0
*** OUT 20 (GDP status/command) = 31    ; GDP command byte 31
*** IN 2F (GDP status (no interrupt reset)) = 5    ; light_pen_end=1, vertical_blanking=0, ready=1, pen_out_of_display=0, light_pen_irq=0, vb_irq=0, ready_irq=0, irq=0
*** OUT 20 (GDP status/command) = 2E    ; GDP command byte 2E
*** IN 2F (GDP status (no interrupt reset)) = 5    ; light_pen_end=1, vertical_blanking=0, ready=1, pen_out_of_display=0, light_pen_irq=0, vb_irq=0, ready_irq=0, irq=0
*** OUT 20 (GDP status/command) = 30    ; GDP command byte 30
*** IN 2F (GDP status (no interrupt reset)) = 5    ; light_pen_end=1, vertical_blanking=0, ready=1, pen_out_of_display=0, light_pen_irq=0, vb_irq=0, ready_irq=0, irq=0
*** OUT 20 (GDP status/command) = 20    ; GDP command byte 20
*** IN 2F (GDP status (no interrupt reset)) = 5    ; light_pen_end=1, vertical_blanking=0, ready=1, pen_out_of_display=0, light_pen_irq=0, vb_irq=0, ready_irq=0, irq=0
*** OUT 20 (GDP status/command) = 77    ; GDP command byte 77
*** IN 2F (GDP status (no interrupt reset)) = 5    ; light_pen_end=1, vertical_blanking=0, ready=1, pen_out_of_display=0, light_pen_irq=0, vb_irq=0, ready_irq=0, irq=0
*** OUT 20 (GDP status/command) = 66    ; GDP command byte 66
*** IN 30 (Graphic common control) = 0    ; display_page_memory=0, write_page_memory=0, write_mode_xor_nor=0, format_0=0, format_1=0, gdpint_read_only=0, avdint_read_only=0, scroll_mode=0
*** IN 2F (GDP status (no interrupt reset)) = 5    ; light_pen_end=1, vertical_blanking=0, ready=1, pen_out_of_display=0, light_pen_irq=0, vb_irq=0, ready_irq=0, irq=0
>>> B544	OUT	(#30),A
*** OUT 30 (Graphic common control) = 0    ; display_page_memory=0, write_page_memory=0, write_mode_xor_nor=0, format_0=0, format_1=0, gdpint_read_only=0, avdint_read_only=0, scroll_mode=0
>>> 8846	OUT	(#23),A
*** OUT 23 (GDP character size register) = 21    ; P(x_scale)=1, Q(y_scale)=2
>>> 8849	OUT	(#22),A
*** OUT 22 (GDP control register 2) = 0    ; vector_type=0, tilted_characters=0, vertical_axis_characters=0, bit4_X=0, bit5_X=0, bit6_X=0, bit7_X=0
*** IN 36 (Common input/Graphic scroll) = 4E    ; bit0_undefined=0, bit1_undefined=1, bit2_undefined=1, bit3_undefined=1, avdc_access_flag=0, bit5_undefined=0, bit6_undefined=1, graph_pix_input=0
*** IN 39 (AVDC status/command) = 20    ; split_scr2_int=0, ready_int=0, split_scr1_int=0, line_zero_int=0, vb_int=0, ready_flag=1, bit6_reserved=0, bit7_reserved=0
>>> A6BC	OUT	(#39),A
*** OUT 39 (AVDC status/command) = 30    ; instantaneous: cursor off
>>> A6BF	OUT	(#34),A
*** OUT 34 (Character register) = 41            ; A>    ; character 'A'
>>> A6C5	OUT	(#35),A
*** OUT 35 (Attribute register) = 0    ; blink=0, underline=0, special_character=0, protect=0, highlight_red_foreground=0, reverse_video_green_background=0, gp2_blue_background=0, gp1_red_background=0
>>> A6C8	OUT	(#39),A
*** OUT 39 (AVDC status/command) = AB    ; delayed: write at cursor address and increment
>>> A6CC	OUT	(#39),A
*** OUT 39 (AVDC status/command) = 35    ; instantaneous: cursor on
*** IN 36 (Common input/Graphic scroll) = 4E    ; bit0_undefined=0, bit1_undefined=1, bit2_undefined=1, bit3_undefined=1, avdc_access_flag=0, bit5_undefined=0, bit6_undefined=1, graph_pix_input=0
*** IN 39 (AVDC status/command) = 20    ; split_scr2_int=0, ready_int=0, split_scr1_int=0, line_zero_int=0, vb_int=0, ready_flag=1, bit6_reserved=0, bit7_reserved=0
>>> A6BC	OUT	(#39),A
*** OUT 39 (AVDC status/command) = 30    ; instantaneous: cursor off
>>> A6BF	OUT	(#34),A
*** OUT 34 (Character register) = 3E    ; character '>'
>>> A6C5	OUT	(#35),A
*** OUT 35 (Attribute register) = 0    ; blink=0, underline=0, special_character=0, protect=0, highlight_red_foreground=0, reverse_video_green_background=0, gp2_blue_background=0, gp1_red_background=0
>>> A6C8	OUT	(#39),A
*** OUT 39 (AVDC status/command) = AB    ; delayed: write at cursor address and increment
>>> A6CC	OUT	(#39),A
*** OUT 39 (AVDC status/command) = 35    ; instantaneous: cursor on
